Archive member included to satisfy reference by file (symbol)

c:/program files (x86)/atollic/truestudio for stm32 9.3.0/armtools/bin/../lib/gcc/arm-atollic-eabi/6.3.1/../../../../arm-atollic-eabi/lib/armv7e-m/fpu\libc_nano.a(lib_a-init.o)
                              src\startup_stm32f40xx.o (__libc_init_array)
c:/program files (x86)/atollic/truestudio for stm32 9.3.0/armtools/bin/../lib/gcc/arm-atollic-eabi/6.3.1/../../../../arm-atollic-eabi/lib/armv7e-m/fpu\libc_nano.a(lib_a-strlen.o)
                              HAL\src\WIFI.o (strlen)
c:/program files (x86)/atollic/truestudio for stm32 9.3.0/armtools/bin/../lib/gcc/arm-atollic-eabi/6.3.1/armv7e-m/fpu\libgcc.a(_arm_addsubdf3.o)
                              MCAL\src\timer.o (__aeabi_dsub)
c:/program files (x86)/atollic/truestudio for stm32 9.3.0/armtools/bin/../lib/gcc/arm-atollic-eabi/6.3.1/armv7e-m/fpu\libgcc.a(_arm_muldivdf3.o)
                              MCAL\src\timer.o (__aeabi_dmul)
c:/program files (x86)/atollic/truestudio for stm32 9.3.0/armtools/bin/../lib/gcc/arm-atollic-eabi/6.3.1/armv7e-m/fpu\libgcc.a(_arm_fixunsdfsi.o)
                              MCAL\src\timer.o (__aeabi_d2uiz)
c:/program files (x86)/atollic/truestudio for stm32 9.3.0/armtools/bin/../lib/gcc/arm-atollic-eabi/6.3.1/armv7e-m/fpu\libgcc.a(_arm_truncdfsf2.o)
                              MCAL\src\uart.o (__aeabi_d2f)
c:/program files (x86)/atollic/truestudio for stm32 9.3.0/armtools/bin/../lib/gcc/arm-atollic-eabi/6.3.1/../../../../arm-atollic-eabi/lib/armv7e-m/fpu\libnosys.a(write.o)
                              src\tiny_printf.o (_write)
c:/program files (x86)/atollic/truestudio for stm32 9.3.0/armtools/bin/../lib/gcc/arm-atollic-eabi/6.3.1/../../../../arm-atollic-eabi/lib/armv7e-m/fpu\libnosys.a(errno.o)
                              c:/program files (x86)/atollic/truestudio for stm32 9.3.0/armtools/bin/../lib/gcc/arm-atollic-eabi/6.3.1/../../../../arm-atollic-eabi/lib/armv7e-m/fpu\libnosys.a(write.o) (errno)

Allocating common symbols
Common symbol       size              file

errno               0x4               c:/program files (x86)/atollic/truestudio for stm32 9.3.0/armtools/bin/../lib/gcc/arm-atollic-eabi/6.3.1/../../../../arm-atollic-eabi/lib/armv7e-m/fpu\libnosys.a(errno.o)
handler_left        0x4               HAL\src\board.o
handler_up          0x4               HAL\src\board.o
g_myPassword        0x4               App\App.o
handler_center      0x4               HAL\src\board.o
handler_right       0x4               HAL\src\board.o
notifyHandle        0x4               MCAL\src\timer.o
handler_down        0x4               HAL\src\board.o

Discarded input sections

 .text          0x00000000        0x0 c:/program files (x86)/atollic/truestudio for stm32 9.3.0/armtools/bin/../lib/gcc/arm-atollic-eabi/6.3.1/armv7e-m/fpu/crti.o
 .data          0x00000000        0x0 c:/program files (x86)/atollic/truestudio for stm32 9.3.0/armtools/bin/../lib/gcc/arm-atollic-eabi/6.3.1/armv7e-m/fpu/crti.o
 .bss           0x00000000        0x0 c:/program files (x86)/atollic/truestudio for stm32 9.3.0/armtools/bin/../lib/gcc/arm-atollic-eabi/6.3.1/armv7e-m/fpu/crti.o
 .data          0x00000000        0x4 c:/program files (x86)/atollic/truestudio for stm32 9.3.0/armtools/bin/../lib/gcc/arm-atollic-eabi/6.3.1/armv7e-m/fpu/crtbegin.o
 .text          0x00000000        0x0 App\App.o
 .data          0x00000000        0x0 App\App.o
 .bss           0x00000000        0x0 App\App.o
 .text          0x00000000        0x0 HAL\src\EEPROM.o
 .data          0x00000000        0x0 HAL\src\EEPROM.o
 .bss           0x00000000        0x0 HAL\src\EEPROM.o
 .text          0x00000000        0x0 HAL\src\LCD.o
 .data          0x00000000        0x0 HAL\src\LCD.o
 .bss           0x00000000        0x0 HAL\src\LCD.o
 .text          0x00000000        0x0 HAL\src\Servo.o
 .data          0x00000000        0x0 HAL\src\Servo.o
 .bss           0x00000000        0x0 HAL\src\Servo.o
 .text          0x00000000        0x0 HAL\src\WIFI.o
 .data          0x00000000        0x0 HAL\src\WIFI.o
 .bss           0x00000000        0x0 HAL\src\WIFI.o
 .rodata.size_del
                0x00000000        0x5 HAL\src\WIFI.o
 .text.WIFI_GetFileSize
                0x00000000       0x88 HAL\src\WIFI.o
 .text          0x00000000        0x0 HAL\src\board.o
 .data          0x00000000        0x0 HAL\src\board.o
 .bss           0x00000000        0x0 HAL\src\board.o
 .text.Buz_Toggle
                0x00000000       0x20 HAL\src\board.o
 .text.Relay_Toggle
                0x00000000       0x20 HAL\src\board.o
 .text.Led_Init
                0x00000000       0x54 HAL\src\board.o
 .text.Led_Off  0x00000000       0x30 HAL\src\board.o
 .text.Led_Toggle
                0x00000000       0x2c HAL\src\board.o
 .text.Leds_On  0x00000000       0x28 HAL\src\board.o
 .text.Btn_Init
                0x00000000      0x144 HAL\src\board.o
 .text.Btn_isPressed
                0x00000000       0x94 HAL\src\board.o
[...]
Memory Configuration

Name             Origin             Length             Attributes
FLASH            0x08000000         0x00080000         xr
RAM              0x20000000         0x00018000         xrw
MEMORY_B1        0x60000000         0x00000000         xr
CCMRAM           0x10000000         0x00010000         rw
*default*        0x00000000         0xffffffff

Linker script and memory map

LOAD c:/program files (x86)/atollic/truestudio for stm32 9.3.0/armtools/bin/../lib/gcc/arm-atollic-eabi/6.3.1/armv7e-m/fpu/crti.o
LOAD c:/program files (x86)/atollic/truestudio for stm32 9.3.0/armtools/bin/../lib/gcc/arm-atollic-eabi/6.3.1/armv7e-m/fpu/crtbegin.o
LOAD App\App.o
LOAD HAL\src\EEPROM.o
LOAD HAL\src\LCD.o
LOAD HAL\src\Servo.o
LOAD HAL\src\WIFI.o
LOAD HAL\src\board.o
LOAD HAL\src\keypad.o
LOAD HAL\src\segment.o
LOAD HAL\src\ultrasonic.o
LOAD Libraries\STM32F4xx_StdPeriph_Driver\src\misc.o
LOAD Libraries\STM32F4xx_StdPeriph_Driver\src\stm32f4xx_adc.o
LOAD Libraries\STM32F4xx_StdPeriph_Driver\src\stm32f4xx_can.o
LOAD Libraries\STM32F4xx_StdPeriph_Driver\src\stm32f4xx_crc.o
LOAD Libraries\STM32F4xx_StdPeriph_Driver\src\stm32f4xx_cryp.o
LOAD Libraries\STM32F4xx_StdPeriph_Driver\src\stm32f4xx_cryp_aes.o
LOAD Libraries\STM32F4xx_StdPeriph_Driver\src\stm32f4xx_cryp_des.o
LOAD Libraries\STM32F4xx_StdPeriph_Driver\src\stm32f4xx_cryp_tdes.o
LOAD Libraries\STM32F4xx_StdPeriph_Driver\src\stm32f4xx_dac.o
LOAD Libraries\STM32F4xx_StdPeriph_Driver\src\stm32f4xx_dbgmcu.o
LOAD Libraries\STM32F4xx_StdPeriph_Driver\src\stm32f4xx_dcmi.o
LOAD Libraries\STM32F4xx_StdPeriph_Driver\src\stm32f4xx_dma.o
LOAD Libraries\STM32F4xx_StdPeriph_Driver\src\stm32f4xx_exti.o
LOAD Libraries\STM32F4xx_StdPeriph_Driver\src\stm32f4xx_flash.o
LOAD Libraries\STM32F4xx_StdPeriph_Driver\src\stm32f4xx_fsmc.o
LOAD Libraries\STM32F4xx_StdPeriph_Driver\src\stm32f4xx_gpio.o
LOAD Libraries\STM32F4xx_StdPeriph_Driver\src\stm32f4xx_hash.o
LOAD Libraries\STM32F4xx_StdPeriph_Driver\src\stm32f4xx_hash_md5.o
LOAD Libraries\STM32F4xx_StdPeriph_Driver\src\stm32f4xx_hash_sha1.o
LOAD Libraries\STM32F4xx_StdPeriph_Driver\src\stm32f4xx_i2c.o
LOAD Libraries\STM32F4xx_StdPeriph_Driver\src\stm32f4xx_iwdg.o
LOAD Libraries\STM32F4xx_StdPeriph_Driver\src\stm32f4xx_pwr.o
LOAD Libraries\STM32F4xx_StdPeriph_Driver\src\stm32f4xx_rcc.o
LOAD Libraries\STM32F4xx_StdPeriph_Driver\src\stm32f4xx_rng.o
LOAD Libraries\STM32F4xx_StdPeriph_Driver\src\stm32f4xx_rtc.o
LOAD Libraries\STM32F4xx_StdPeriph_Driver\src\stm32f4xx_sdio.o
LOAD Libraries\STM32F4xx_StdPeriph_Driver\src\stm32f4xx_spi.o
LOAD Libraries\STM32F4xx_StdPeriph_Driver\src\stm32f4xx_syscfg.o
LOAD Libraries\STM32F4xx_StdPeriph_Driver\src\stm32f4xx_tim.o
LOAD Libraries\STM32F4xx_StdPeriph_Driver\src\stm32f4xx_usart.o
LOAD Libraries\STM32F4xx_StdPeriph_Driver\src\stm32f4xx_wwdg.o
LOAD MCAL\src\ADC.o
LOAD MCAL\src\I2C.o
LOAD MCAL\src\spi.o
LOAD MCAL\src\systick.o
LOAD MCAL\src\timer.o
LOAD MCAL\src\uart.o
LOAD Utility\src\delay.o
LOAD src\main.o
LOAD src\startup_stm32f40xx.o
LOAD src\stm32f4xx_it.o
LOAD src\system_stm32f4xx.o
LOAD src\tiny_printf.o
                0x00000080                malloc_getpagesize_P = 0x80
START GROUP
LOAD c:/program files (x86)/atollic/truestudio for stm32 9.3.0/armtools/bin/../lib/gcc/arm-atollic-eabi/6.3.1/../../../../arm-atollic-eabi/lib/armv7e-m/fpu\libc_nano.a
LOAD c:/program files (x86)/atollic/truestudio for stm32 9.3.0/armtools/bin/../lib/gcc/arm-atollic-eabi/6.3.1/../../../../arm-atollic-eabi/lib/armv7e-m/fpu\libm.a
END GROUP
START GROUP
LOAD c:/program files (x86)/atollic/truestudio for stm32 9.3.0/armtools/bin/../lib/gcc/arm-atollic-eabi/6.3.1/armv7e-m/fpu\libgcc.a
LOAD c:/program files (x86)/atollic/truestudio for stm32 9.3.0/armtools/bin/../lib/gcc/arm-atollic-eabi/6.3.1/../../../../arm-atollic-eabi/lib/armv7e-m/fpu\libc_nano.a
END GROUP
START GROUP
LOAD c:/program files (x86)/atollic/truestudio for stm32 9.3.0/armtools/bin/../lib/gcc/arm-atollic-eabi/6.3.1/armv7e-m/fpu\libgcc.a
LOAD c:/program files (x86)/atollic/truestudio for stm32 9.3.0/armtools/bin/../lib/gcc/arm-atollic-eabi/6.3.1/../../../../arm-atollic-eabi/lib/armv7e-m/fpu\libc_nano.a
LOAD c:/program files (x86)/atollic/truestudio for stm32 9.3.0/armtools/bin/../lib/gcc/arm-atollic-eabi/6.3.1/../../../../arm-atollic-eabi/lib/armv7e-m/fpu\libnosys.a
END GROUP
START GROUP
LOAD c:/program files (x86)/atollic/truestudio for stm32 9.3.0/armtools/bin/../lib/gcc/arm-atollic-eabi/6.3.1/armv7e-m/fpu\libgcc.a
LOAD c:/program files (x86)/atollic/truestudio for stm32 9.3.0/armtools/bin/../lib/gcc/arm-atollic-eabi/6.3.1/../../../../arm-atollic-eabi/lib/armv7e-m/fpu\libc_nano.a
LOAD c:/program files (x86)/atollic/truestudio for stm32 9.3.0/armtools/bin/../lib/gcc/arm-atollic-eabi/6.3.1/../../../../arm-atollic-eabi/lib/armv7e-m/fpu\libnosys.a
END GROUP
LOAD c:/program files (x86)/atollic/truestudio for stm32 9.3.0/armtools/bin/../lib/gcc/arm-atollic-eabi/6.3.1/armv7e-m/fpu/crtend.o
LOAD c:/program files (x86)/atollic/truestudio for stm32 9.3.0/armtools/bin/../lib/gcc/arm-atollic-eabi/6.3.1/armv7e-m/fpu/crtn.o
                0x20018000                _estack = 0x20018000
                0x00000000                _Min_Heap_Size = 0x0
                0x00000400                _Min_Stack_Size = 0x400

.isr_vector     0x08000000      0x188
                0x08000000                . = ALIGN (0x4)
 *(.isr_vector)
 .isr_vector    0x08000000      0x188 src\startup_stm32f40xx.o
                0x08000000                g_pfnVectors
                0x08000188                . = ALIGN (0x4)

.text           0x08000188     0x29b0
                0x08000188                . = ALIGN (0x4)
 *(.text)
 .text          0x08000188       0x40 c:/program files (x86)/atollic/truestudio for stm32 9.3.0/armtools/bin/../lib/gcc/arm-atollic-eabi/6.3.1/armv7e-m/fpu/crtbegin.o
 .text          0x080001c8       0x10 c:/program files (x86)/atollic/truestudio for stm32 9.3.0/armtools/bin/../lib/gcc/arm-atollic-eabi/6.3.1/../../../../arm-atollic-eabi/lib/armv7e-m/fpu\libc_nano.a(lib_a-strlen.o)
                0x080001c8                strlen
 .text          0x080001d8      0x370 c:/program files (x86)/atollic/truestudio for stm32 9.3.0/armtools/bin/../lib/gcc/arm-atollic-eabi/6.3.1/armv7e-m/fpu\libgcc.a(_arm_addsubdf3.o)
                0x080001d8                __aeabi_drsub
                0x080001e0                __aeabi_dsub
                0x080001e0                __subdf3
                0x080001e4                __aeabi_dadd
                0x080001e4                __adddf3
                0x0800045c                __floatunsidf
                0x0800045c                __aeabi_ui2d
                0x0800047c                __floatsidf
                0x0800047c                __aeabi_i2d
                0x080004a0                __aeabi_f2d
                0x080004a0                __extendsfdf2
                0x080004dc                __floatundidf
                0x080004dc                __aeabi_ul2d
                0x080004ec                __floatdidf
                0x080004ec                __aeabi_l2d
 .text          0x08000548      0x424 c:/program files (x86)/atollic/truestudio for stm32 9.3.0/armtools/bin/../lib/gcc/arm-atollic-eabi/6.3.1/armv7e-m/fpu\libgcc.a(_arm_muldivdf3.o)
                0x08000548                __aeabi_dmul
                0x08000548                __muldf3
                0x0800079c                __divdf3
                0x0800079c                __aeabi_ddiv
 .text          0x0800096c       0x40 c:/program files (x86)/atollic/truestudio for stm32 9.3.0/armtools/bin/../lib/gcc/arm-atollic-eabi/6.3.1/armv7e-m/fpu\libgcc.a(_arm_fixunsdfsi.o)
                0x0800096c                __aeabi_d2uiz
                0x0800096c                __fixunsdfsi
 .text          0x080009ac       0xa0 c:/program files (x86)/atollic/truestudio for stm32 9.3.0/armtools/bin/../lib/gcc/arm-atollic-eabi/6.3.1/armv7e-m/fpu\libgcc.a(_arm_truncdfsf2.o)
                0x080009ac                __truncdfsf2
                0x080009ac                __aeabi_d2f
 *(.text*)
 .text.getPassword
                0x08000a4c       0x50 App\App.o
                0x08000a4c                getPassword
 .text.confirmPassword
                0x08000a9c       0x66 App\App.o
                0x08000a9c                confirmPassword
 *fill*         0x08000b02        0x2 
 .text.FirstTimePassword
                0x08000b04       0x94 App\App.o
                0x08000b04                FirstTimePassword
 .text.SavedPassword
                0x08000b98       0xbc App\App.o
                0x08000b98                SavedPassword
 .text.ChangePassword
                0x08000c54       0x10 App\App.o
                0x08000c54                ChangePassword
 .text.DoorLock
                0x08000c64       0x9c App\App.o
                0x08000c64                DoorLock
 .text.Temp_Sensor
                0x08000d00       0xbc App\App.o
                0x08000d00                Temp_Sensor
 .text.InDoor_Ultra
                0x08000dbc       0x40 App\App.o
                0x08000dbc                InDoor_Ultra
 .text.EXTI1_IRQHandler
                0x08000dfc       0x1c App\App.o
                0x08000dfc                EXTI1_IRQHandler
 .text.EXTI15_10_IRQHandler
                0x08000e18       0x4c App\App.o
                0x08000e18                EXTI15_10_IRQHandler
 .text.WifiApp  0x08000e64      0x120 App\App.o
                0x08000e64                WifiApp
 .text.System_Init
                0x08000f84       0x94 App\App.o
                0x08000f84                System_Init
 .text.EEPROM_Init
                0x08001018        0xc HAL\src\EEPROM.o
                0x08001018                EEPROM_Init
 .text.EEPROM_WriteByte
                0x08001024       0x5c HAL\src\EEPROM.o
                0x08001024                EEPROM_WriteByte
 .text.EEPROM_ReadByte
                0x08001080       0x6e HAL\src\EEPROM.o
                0x08001080                EEPROM_ReadByte
 .text.LCD_GotoXY
                0x080010ee       0x3e HAL\src\LCD.o
 .text.LCD_SendCMD
                0x0800112c       0x90 HAL\src\LCD.o
 .text.LCD_Clear
                0x080011bc       0x14 HAL\src\LCD.o
                0x080011bc                LCD_Clear
 .text.LCD_SendData
                0x080011d0       0x90 HAL\src\LCD.o
 .text.LCD_Init
                0x08001260       0x84 HAL\src\LCD.o
                0x08001260                LCD_Init
 .text.LCD_DispChar
                0x080012e4       0x1a HAL\src\LCD.o
                0x080012e4                LCD_DispChar
 .text.LCD_DispCharXY
                0x080012fe       0x2e HAL\src\LCD.o
                0x080012fe                LCD_DispCharXY
 .text.LCD_DispStr
                0x0800132c       0x36 HAL\src\LCD.o
                0x0800132c                LCD_DispStr
 .text.LCD_DispStrXY
                0x08001362       0x2a HAL\src\LCD.o
                0x08001362                LCD_DispStrXY
 .text.LCD_DispInt
                0x0800138c       0xa4 HAL\src\LCD.o
                0x0800138c                LCD_DispInt
 .text.LCD_DispIntXY
                0x08001430       0x2a HAL\src\LCD.o
                0x08001430                LCD_DispIntXY
 .text.Servo_Init
                0x0800145a        0xc HAL\src\Servo.o
                0x0800145a                Servo_Init
 .text.Servo_SetPosition
                0x08001466       0x48 HAL\src\Servo.o
                0x08001466                Servo_SetPosition
 *fill*         0x080014ae        0x2 
 .text.WIFI_SendCmd
                0x080014b0       0x94 HAL\src\WIFI.o
                0x080014b0                WIFI_SendCmd
 .text.NVIC_EnableIRQ
                0x08001544       0x34 HAL\src\board.o
 .text.Buz_Init
                0x08001578       0x38 HAL\src\board.o
                0x08001578                Buz_Init
 .text.Buz_On   0x080015b0       0x20 HAL\src\board.o
                0x080015b0                Buz_On
 .text.Buz_Off  0x080015d0       0x20 HAL\src\board.o
                0x080015d0                Buz_Off
 .text.Relay_Init
                0x080015f0       0x38 HAL\src\board.o
                0x080015f0                Relay_Init
 .text.Relay_On
                0x08001628       0x20 HAL\src\board.o
                0x08001628                Relay_On
 .text.Relay_Off
                0x08001648       0x20 HAL\src\board.o
                0x08001648                Relay_Off
 .text.Led_On   0x08001668       0x2c HAL\src\board.o
                0x08001668                Led_On
 .text.Leds_Init
                0x08001694       0x50 HAL\src\board.o
                0x08001694                Leds_Init
 .text.Leds_Off
                0x080016e4       0x2c HAL\src\board.o
                0x080016e4                Leds_Off
 .text.Leds_Toggle
                0x08001710       0x28 HAL\src\board.o
                0x08001710                Leds_Toggle
 .text.Btn_Init_EXTI
                0x08001738      0x290 HAL\src\board.o
                0x08001738                Btn_Init_EXTI
 .text.EXTI0_IRQHandler
                0x080019c8       0x24 HAL\src\board.o
                0x080019c8                EXTI0_IRQHandler
 .text.EXTI2_IRQHandler
                0x080019ec       0x24 HAL\src\board.o
                0x080019ec                EXTI2_IRQHandler
 .text.Keypad_Init
                0x08001a10       0x70 HAL\src\keypad.o
                0x08001a10                Keypad_Init
 .text.Keypad_GetKey
                0x08001a80       0xcc HAL\src\keypad.o
                0x08001a80                Keypad_GetKey
 .text.Ultra_Init
                0x08001b4c       0x44 HAL\src\ultrasonic.o
                0x08001b4c                Ultra_Init
 .text.Ultra_GetDistance
                0x08001b90       0x74 HAL\src\ultrasonic.o
                0x08001b90                Ultra_GetDistance
 .text.RCC_DeInit
                0x08001c04       0x5c Libraries\STM32F4xx_StdPeriph_Driver\src\stm32f4xx_rcc.o
                0x08001c04                RCC_DeInit
 .text.ADC1_Init
                0x08001c60       0x3c MCAL\src\ADC.o
                0x08001c60                ADC1_Init
 .text.ADC1_SelectChannel
                0x08001c9c       0x7c MCAL\src\ADC.o
                0x08001c9c                ADC1_SelectChannel
 .text.ADC1_Read
                0x08001d18       0x34 MCAL\src\ADC.o
                0x08001d18                ADC1_Read
 .text.TWI_Init
                0x08001d4c       0xf0 MCAL\src\I2C.o
                0x08001d4c                TWI_Init
 .text.I2C1_Start
                0x08001e3c       0x34 MCAL\src\I2C.o
                0x08001e3c                I2C1_Start
 .text.I2C1_Stop
                0x08001e70       0x24 MCAL\src\I2C.o
                0x08001e70                I2C1_Stop
 .text.I2C1_WriteData
                0x08001e94       0x34 MCAL\src\I2C.o
                0x08001e94                I2C1_WriteData
 .text.I2C1_WriteAddress
                0x08001ec8       0x38 MCAL\src\I2C.o
                0x08001ec8                I2C1_WriteAddress
 .text.I2C1_ReadData
                0x08001f00       0x2c MCAL\src\I2C.o
                0x08001f00                I2C1_ReadData
 .text.SysTick_Restart
                0x08001f2c       0x24 MCAL\src\systick.o
                0x08001f2c                SysTick_Restart
 .text.SysTick_GetTicks
                0x08001f50       0x18 MCAL\src\systick.o
                0x08001f50                SysTick_GetTicks
 .text.SysTick_Handler
                0x08001f68       0x1c MCAL\src\systick.o
                0x08001f68                SysTick_Handler
 .text.NVIC_EnableIRQ
                0x08001f84       0x34 MCAL\src\timer.o
 .text.Timer_CaptureInit
                0x08001fb8       0xe4 MCAL\src\timer.o
                0x08001fb8                Timer_CaptureInit
 .text.Timer_PWMInit
                0x0800209c      0x120 MCAL\src\timer.o
                0x0800209c                Timer_PWMInit
 .text.Timer_PWMSetDuty
                0x080021bc       0x58 MCAL\src\timer.o
                0x080021bc                Timer_PWMSetDuty
 .text.TIM1_CC_IRQHandler
                0x08002214       0x5c MCAL\src\timer.o
                0x08002214                TIM1_CC_IRQHandler
 .text.TIM3_IRQHandler
                0x08002270       0x34 MCAL\src\timer.o
                0x08002270                TIM3_IRQHandler
 .text.Uart_Init
                0x080022a4      0x248 MCAL\src\uart.o
                0x080022a4                Uart_Init
 .text.Uart_SendByte
                0x080024ec       0x30 MCAL\src\uart.o
                0x080024ec                Uart_SendByte
 .text.Uart_SendString
                0x0800251c       0x3a MCAL\src\uart.o
                0x0800251c                Uart_SendString
 .text.Uart_ReceiveByte_Unblock
                0x08002556       0x3a MCAL\src\uart.o
                0x08002556                Uart_ReceiveByte_Unblock
 .text.delayMs  0x08002590       0x48 Utility\src\delay.o
                0x08002590                delayMs
 .text.main     0x080025d8       0x12 src\main.o
                0x080025d8                main
 *fill*         0x080025ea        0x2 
 .text.Reset_Handler
                0x080025ec       0x50 src\startup_stm32f40xx.o
                0x080025ec                Reset_Handler
 .text.Default_Handler
                0x0800263c        0x2 src\startup_stm32f40xx.o
                0x0800263c                RTC_Alarm_IRQHandler
                0x0800263c                HASH_RNG_IRQHandler
                0x0800263c                TIM8_CC_IRQHandler
                0x0800263c                DMA2_Stream5_IRQHandler
                0x0800263c                DMA1_Stream5_IRQHandler
                0x0800263c                PVD_IRQHandler
                0x0800263c                SDIO_IRQHandler
                0x0800263c                TAMP_STAMP_IRQHandler
                0x0800263c                CAN2_RX1_IRQHandler
                0x0800263c                EXTI3_IRQHandler
                0x0800263c                TIM8_TRG_COM_TIM14_IRQHandler
                0x0800263c                TIM1_UP_TIM10_IRQHandler
                0x0800263c                TIM8_UP_TIM13_IRQHandler
                0x0800263c                I2C3_ER_IRQHandler
                0x0800263c                I2C2_EV_IRQHandler
                0x0800263c                DMA1_Stream2_IRQHandler
                0x0800263c                CAN1_RX0_IRQHandler
                0x0800263c                FPU_IRQHandler
                0x0800263c                OTG_HS_WKUP_IRQHandler
                0x0800263c                CAN2_SCE_IRQHandler
                0x0800263c                DMA2_Stream2_IRQHandler
                0x0800263c                SPI1_IRQHandler
                0x0800263c                TIM6_DAC_IRQHandler
                0x0800263c                TIM1_BRK_TIM9_IRQHandler
                0x0800263c                DCMI_IRQHandler
                0x0800263c                CAN2_RX0_IRQHandler
                0x0800263c                DMA2_Stream3_IRQHandler
                0x0800263c                USART6_IRQHandler
                0x0800263c                USART3_IRQHandler
                0x0800263c                CRYP_IRQHandler
                0x0800263c                CAN1_RX1_IRQHandler
                0x0800263c                UART5_IRQHandler
                0x0800263c                DMA2_Stream0_IRQHandler
                0x0800263c                TIM4_IRQHandler
                0x0800263c                I2C1_EV_IRQHandler
                0x0800263c                DMA1_Stream6_IRQHandler
                0x0800263c                DMA1_Stream1_IRQHandler
                0x0800263c                UART4_IRQHandler
                0x0800263c                RCC_IRQHandler
                0x0800263c                TIM8_BRK_TIM12_IRQHandler
                0x0800263c                Default_Handler
                0x0800263c                ADC_IRQHandler
                0x0800263c                DMA1_Stream7_IRQHandler
                0x0800263c                TIM7_IRQHandler
                0x0800263c                CAN2_TX_IRQHandler
                0x0800263c                TIM5_IRQHandler
                0x0800263c                DMA2_Stream7_IRQHandler
                0x0800263c                I2C3_EV_IRQHandler
                0x0800263c                EXTI9_5_IRQHandler
                0x0800263c                RTC_WKUP_IRQHandler
                0x0800263c                ETH_WKUP_IRQHandler
                0x0800263c                SPI2_IRQHandler
                0x0800263c                OTG_HS_EP1_IN_IRQHandler
                0x0800263c                DMA1_Stream0_IRQHandler
                0x0800263c                CAN1_TX_IRQHandler
                0x0800263c                EXTI4_IRQHandler
                0x0800263c                FSMC_IRQHandler
                0x0800263c                ETH_IRQHandler
                0x0800263c                OTG_HS_EP1_OUT_IRQHandler
                0x0800263c                WWDG_IRQHandler
                0x0800263c                TIM2_IRQHandler
                0x0800263c                OTG_FS_WKUP_IRQHandler
                0x0800263c                TIM1_TRG_COM_TIM11_IRQHandler
                0x0800263c                OTG_HS_IRQHandler
                0x0800263c                USART2_IRQHandler
                0x0800263c                I2C2_ER_IRQHandler
                0x0800263c                DMA2_Stream1_IRQHandler
                0x0800263c                CAN1_SCE_IRQHandler
                0x0800263c                FLASH_IRQHandler
                0x0800263c                DMA2_Stream4_IRQHandler
                0x0800263c                USART1_IRQHandler
                0x0800263c                OTG_FS_IRQHandler
                0x0800263c                SPI3_IRQHandler
                0x0800263c                DMA1_Stream4_IRQHandler
                0x0800263c                I2C1_ER_IRQHandler
                0x0800263c                DMA2_Stream6_IRQHandler
                0x0800263c                DMA1_Stream3_IRQHandler
 .text.NMI_Handler
                0x0800263e        0xe src\stm32f4xx_it.o
                0x0800263e                NMI_Handler
 .text.HardFault_Handler
                0x0800264c        0x6 src\stm32f4xx_it.o
                0x0800264c                HardFault_Handler
 .text.MemManage_Handler
                0x08002652        0x6 src\stm32f4xx_it.o
                0x08002652                MemManage_Handler
 .text.BusFault_Handler
                0x08002658        0x6 src\stm32f4xx_it.o
                0x08002658                BusFault_Handler
 .text.UsageFault_Handler
                0x0800265e        0x6 src\stm32f4xx_it.o
                0x0800265e                UsageFault_Handler
 .text.SVC_Handler
                0x08002664        0xe src\stm32f4xx_it.o
                0x08002664                SVC_Handler
 .text.DebugMon_Handler
                0x08002672        0xe src\stm32f4xx_it.o
                0x08002672                DebugMon_Handler
 .text.PendSV_Handler
                0x08002680        0xe src\stm32f4xx_it.o
                0x08002680                PendSV_Handler
 *fill*         0x0800268e        0x2 
 .text.SystemInit
                0x08002690       0x6c src\system_stm32f4xx.o
                0x08002690                SystemInit
 .text.SystemCoreClockUpdate
                0x080026fc       0xf8 src\system_stm32f4xx.o
                0x080026fc                SystemCoreClockUpdate
 .text.SetSysClock
                0x080027f4       0xf8 src\system_stm32f4xx.o
 .text.ts_itoa  0x080028ec       0x92 src\tiny_printf.o
                0x080028ec                ts_itoa
 .text.ts_formatstring
                0x0800297e      0x12e src\tiny_printf.o
                0x0800297e                ts_formatstring
 .text.siprintf
                0x08002aac       0x2c src\tiny_printf.o
                0x08002aac                siprintf
                0x08002aac                sprintf
 .text.__libc_init_array
                0x08002ad8       0x48 c:/program files (x86)/atollic/truestudio for stm32 9.3.0/armtools/bin/../lib/gcc/arm-atollic-eabi/6.3.1/../../../../arm-atollic-eabi/lib/armv7e-m/fpu\libc_nano.a(lib_a-init.o)
                0x08002ad8                __libc_init_array
 *(.glue_7)
 .glue_7        0x08002b20        0x0 linker stubs
 *(.glue_7t)
 .glue_7t       0x08002b20        0x0 linker stubs
 *(.eh_frame)
 .eh_frame      0x08002b20        0x0 c:/program files (x86)/atollic/truestudio for stm32 9.3.0/armtools/bin/../lib/gcc/arm-atollic-eabi/6.3.1/armv7e-m/fpu/crtbegin.o
 *(.init)
 .init          0x08002b20        0x4 c:/program files (x86)/atollic/truestudio for stm32 9.3.0/armtools/bin/../lib/gcc/arm-atollic-eabi/6.3.1/armv7e-m/fpu/crti.o
                0x08002b20                _init
 .init          0x08002b24        0x8 c:/program files (x86)/atollic/truestudio for stm32 9.3.0/armtools/bin/../lib/gcc/arm-atollic-eabi/6.3.1/armv7e-m/fpu/crtn.o
 *(.fini)
 .fini          0x08002b2c        0x4 c:/program files (x86)/atollic/truestudio for stm32 9.3.0/armtools/bin/../lib/gcc/arm-atollic-eabi/6.3.1/armv7e-m/fpu/crti.o
                0x08002b2c                _fini
 .fini          0x08002b30        0x8 c:/program files (x86)/atollic/truestudio for stm32 9.3.0/armtools/bin/../lib/gcc/arm-atollic-eabi/6.3.1/armv7e-m/fpu/crtn.o
                0x08002b38                . = ALIGN (0x4)
                0x08002b38                _etext = .

.vfp11_veneer   0x08002b38        0x0
 .vfp11_veneer  0x08002b38        0x0 linker stubs

.v4_bx          0x08002b38        0x0
 .v4_bx         0x08002b38        0x0 linker stubs

.iplt           0x08002b38        0x0
 .iplt          0x08002b38        0x0 c:/program files (x86)/atollic/truestudio for stm32 9.3.0/armtools/bin/../lib/gcc/arm-atollic-eabi/6.3.1/armv7e-m/fpu/crtbegin.o

.rodata         0x08002b38      0x200
                0x08002b38                . = ALIGN (0x4)
 *(.rodata)
 .rodata        0x08002b38      0x1ff App\App.o
 *(.rodata*)
                0x08002d38                . = ALIGN (0x4)
 *fill*         0x08002d37        0x1 

.rel.dyn        0x08002d38        0x0
 .rel.iplt      0x08002d38        0x0 c:/program files (x86)/atollic/truestudio for stm32 9.3.0/armtools/bin/../lib/gcc/arm-atollic-eabi/6.3.1/armv7e-m/fpu/crtbegin.o

.ARM.extab
 *(.ARM.extab* .gnu.linkonce.armextab.*)

.ARM            0x08002d38        0x0
                0x08002d38                __exidx_start = .
 *(.ARM.exidx*)
                0x08002d38                __exidx_end = .

.preinit_array  0x08002d38        0x0
                0x08002d38                PROVIDE (__preinit_array_start, .)
 *(.preinit_array*)
                0x08002d38                PROVIDE (__preinit_array_end, .)

.init_array     0x08002d38        0x4
                0x08002d38                PROVIDE (__init_array_start, .)
 *(SORT(.init_array.*))
 *(.init_array*)
 .init_array    0x08002d38        0x4 c:/program files (x86)/atollic/truestudio for stm32 9.3.0/armtools/bin/../lib/gcc/arm-atollic-eabi/6.3.1/armv7e-m/fpu/crtbegin.o
                0x08002d3c                PROVIDE (__init_array_end, .)

.fini_array     0x08002d3c        0x4
                [!provide]                PROVIDE (__fini_array_start, .)
 *(SORT(.fini_array.*))
 *(.fini_array*)
 .fini_array    0x08002d3c        0x4 c:/program files (x86)/atollic/truestudio for stm32 9.3.0/armtools/bin/../lib/gcc/arm-atollic-eabi/6.3.1/armv7e-m/fpu/crtbegin.o
                [!provide]                PROVIDE (__fini_array_end, .)
                0x08002d40                _sidata = LOADADDR (.data)

.data           0x20000000       0x14 load address 0x08002d40
                0x20000000                . = ALIGN (0x4)
                0x20000000                _sdata = .
 *(.data)
 *(.data*)
 .data.SystemCoreClock
                0x20000000        0x4 src\system_stm32f4xx.o
                0x20000000                SystemCoreClock
 .data.AHBPrescTable
                0x20000004       0x10 src\system_stm32f4xx.o
                0x20000004                AHBPrescTable
                0x20000014                . = ALIGN (0x4)
                0x20000014                _edata = .
                0x08002d54                _siccmram = LOADADDR (.ccmram)

.igot.plt       0x20000014        0x0 load address 0x08002d54
 .igot.plt      0x20000014        0x0 c:/program files (x86)/atollic/truestudio for stm32 9.3.0/armtools/bin/../lib/gcc/arm-atollic-eabi/6.3.1/armv7e-m/fpu/crtbegin.o

.ccmram         0x10000000        0x0 load address 0x08002d54
                0x10000000                . = ALIGN (0x4)
                0x10000000                _sccmram = .
 *(.ccmram)
 *(.ccmram*)
                0x10000000                . = ALIGN (0x4)
                0x10000000                _eccmram = .
                0x10000000                . = ALIGN (0x4)

.bss            0x20000014       0x44
                0x20000014                _sbss = .
                0x20000014                __bss_start__ = _sbss
 *(.bss)
 .bss           0x20000014       0x1c c:/program files (x86)/atollic/truestudio for stm32 9.3.0/armtools/bin/../lib/gcc/arm-atollic-eabi/6.3.1/armv7e-m/fpu/crtbegin.o
 *(.bss*)
 .bss.ticks     0x20000030        0x4 MCAL\src\systick.o
 .bss.pulse_width
                0x20000034        0x4 MCAL\src\timer.o
                0x20000034                pulse_width
 .bss.edge_state
                0x20000038        0x1 MCAL\src\timer.o
 *(COMMON)
 *fill*         0x20000039        0x3 
 COMMON         0x2000003c        0x4 App\App.o
                0x2000003c                g_myPassword
 COMMON         0x20000040       0x14 HAL\src\board.o
                0x20000040                handler_left
                0x20000044                handler_up
                0x20000048                handler_center
                0x2000004c                handler_right
                0x20000050                handler_down
 COMMON         0x20000054        0x4 MCAL\src\timer.o
                0x20000054                notifyHandle
                0x20000058                . = ALIGN (0x4)
                0x20000058                _ebss = .
                0x20000058                __bss_end__ = _ebss

._user_heap_stack
                0x20000058      0x400
                0x20000058                . = ALIGN (0x4)
                [!provide]                PROVIDE (end, .)
                [!provide]                PROVIDE (_end, .)
                0x20000058                . = (. + _Min_Heap_Size)
                0x20000458                . = (. + _Min_Stack_Size)
 *fill*         0x20000058      0x400 
                0x20000458                . = ALIGN (0x4)

.memory_b1_text
 *(.mb1text)
 *(.mb1text*)
 *(.mb1rodata)
 *(.mb1rodata*)

/DISCARD/
 libc.a(*)
 libm.a(*)
 libgcc.a(*)

.ARM.attributes
                0x00000000       0x30
 *(.ARM.attributes)
 .ARM.attributes
                0x00000000       0x22 c:/program files (x86)/atollic/truestudio for stm32 9.3.0/armtools/bin/../lib/gcc/arm-atollic-eabi/6.3.1/armv7e-m/fpu/crti.o
 .ARM.attributes
                0x00000022       0x34 c:/program files (x86)/atollic/truestudio for stm32 9.3.0/armtools/bin/../lib/gcc/arm-atollic-eabi/6.3.1/armv7e-m/fpu/crtbegin.o
 .ARM.attributes
                0x00000056       0x39 App\App.o
 .ARM.attributes
                0x0000008f       0x39 HAL\src\EEPROM.o
 .ARM.attributes
                0x000000c8       0x39 HAL\src\LCD.o
 .ARM.attributes
                0x00000101       0x39 HAL\src\Servo.o
 .ARM.attributes
                0x0000013a       0x39 HAL\src\WIFI.o
 .ARM.attributes
                0x00000173       0x39 HAL\src\board.o
 .ARM.attributes
                0x000001ac       0x39 HAL\src\keypad.o
 .ARM.attributes
                0x000001e5       0x39 HAL\src\ultrasonic.o
 .ARM.attributes
                0x0000021e       0x39 Libraries\STM32F4xx_StdPeriph_Driver\src\stm32f4xx_rcc.o
 .ARM.attributes
                0x00000257       0x39 MCAL\src\ADC.o
 .ARM.attributes
                0x00000290       0x39 MCAL\src\I2C.o
 .ARM.attributes
                0x000002c9       0x39 MCAL\src\systick.o
 .ARM.attributes
                0x00000302       0x39 MCAL\src\timer.o
 .ARM.attributes
                0x0000033b       0x39 MCAL\src\uart.o
 .ARM.attributes
                0x00000374       0x39 Utility\src\delay.o
 .ARM.attributes
                0x000003ad       0x39 src\main.o
 .ARM.attributes
                0x000003e6       0x21 src\startup_stm32f40xx.o
 .ARM.attributes
                0x00000407       0x39 src\stm32f4xx_it.o
 .ARM.attributes
                0x00000440       0x39 src\system_stm32f4xx.o
 .ARM.attributes
                0x00000479       0x39 src\tiny_printf.o
 .ARM.attributes
                0x000004b2       0x34 c:/program files (x86)/atollic/truestudio for stm32 9.3.0/armtools/bin/../lib/gcc/arm-atollic-eabi/6.3.1/../../../../arm-atollic-eabi/lib/armv7e-m/fpu\libc_nano.a(lib_a-init.o)
 .ARM.attributes
                0x000004e6       0x1b c:/program files (x86)/atollic/truestudio for stm32 9.3.0/armtools/bin/../lib/gcc/arm-atollic-eabi/6.3.1/../../../../arm-atollic-eabi/lib/armv7e-m/fpu\libc_nano.a(lib_a-strlen.o)
 .ARM.attributes
                0x00000501       0x22 c:/program files (x86)/atollic/truestudio for stm32 9.3.0/armtools/bin/../lib/gcc/arm-atollic-eabi/6.3.1/armv7e-m/fpu\libgcc.a(_arm_addsubdf3.o)
 .ARM.attributes
                0x00000523       0x22 c:/program files (x86)/atollic/truestudio for stm32 9.3.0/armtools/bin/../lib/gcc/arm-atollic-eabi/6.3.1/armv7e-m/fpu\libgcc.a(_arm_muldivdf3.o)
 .ARM.attributes
                0x00000545       0x22 c:/program files (x86)/atollic/truestudio for stm32 9.3.0/armtools/bin/../lib/gcc/arm-atollic-eabi/6.3.1/armv7e-m/fpu\libgcc.a(_arm_fixunsdfsi.o)
 .ARM.attributes
                0x00000567       0x22 c:/program files (x86)/atollic/truestudio for stm32 9.3.0/armtools/bin/../lib/gcc/arm-atollic-eabi/6.3.1/armv7e-m/fpu\libgcc.a(_arm_truncdfsf2.o)
 .ARM.attributes
                0x00000589       0x22 c:/program files (x86)/atollic/truestudio for stm32 9.3.0/armtools/bin/../lib/gcc/arm-atollic-eabi/6.3.1/armv7e-m/fpu/crtn.o
OUTPUT(SmartHome.elf elf32-littlearm)

.debug_info     0x00000000     0x7a19
 .debug_info    0x00000000      0xd20 App\App.o
 .debug_info    0x00000d20      0x1b6 HAL\src\EEPROM.o
 .debug_info    0x00000ed6      0xd72 HAL\src\LCD.o
 .debug_info    0x00001c48      0x11a HAL\src\Servo.o
 .debug_info    0x00001d62      0x363 HAL\src\WIFI.o
 .debug_info    0x000020c5      0xaca HAL\src\board.o
 .debug_info    0x00002b8f      0x39e HAL\src\keypad.o
 .debug_info    0x00002f2d      0x385 HAL\src\ultrasonic.o
 .debug_info    0x000032b2      0xc98 Libraries\STM32F4xx_StdPeriph_Driver\src\stm32f4xx_rcc.o
 .debug_info    0x00003f4a      0x535 MCAL\src\ADC.o
 .debug_info    0x0000447f      0x503 MCAL\src\I2C.o
 .debug_info    0x00004982      0x177 MCAL\src\systick.o
 .debug_info    0x00004af9      0xa6e MCAL\src\timer.o
 .debug_info    0x00005567      0x6ca MCAL\src\uart.o
 .debug_info    0x00005c31       0xbe Utility\src\delay.o
 .debug_info    0x00005cef      0x923 src\main.o
 .debug_info    0x00006612       0x6f src\startup_stm32f40xx.o
 .debug_info    0x00006681      0x143 src\stm32f4xx_it.o
 .debug_info    0x000067c4      0x5dd src\system_stm32f4xx.o
 .debug_info    0x00006da1      0xc78 src\tiny_printf.o

.debug_abbrev   0x00000000     0x1a07
 .debug_abbrev  0x00000000      0x25b App\App.o
 .debug_abbrev  0x0000025b       0xb9 HAL\src\EEPROM.o
 .debug_abbrev  0x00000314      0x1fa HAL\src\LCD.o
 .debug_abbrev  0x0000050e       0xb9 HAL\src\Servo.o
 .debug_abbrev  0x000005c7      0x171 HAL\src\WIFI.o
 .debug_abbrev  0x00000738      0x1f4 HAL\src\board.o
 .debug_abbrev  0x0000092c       0xfc HAL\src\keypad.o
 .debug_abbrev  0x00000a28       0xed HAL\src\ultrasonic.o
 .debug_abbrev  0x00000b15      0x1f8 Libraries\STM32F4xx_StdPeriph_Driver\src\stm32f4xx_rcc.o
 .debug_abbrev  0x00000d0d      0x126 MCAL\src\ADC.o
 .debug_abbrev  0x00000e33      0x11d MCAL\src\I2C.o
 .debug_abbrev  0x00000f50      0x107 MCAL\src\systick.o
 .debug_abbrev  0x00001057      0x1f8 MCAL\src\timer.o
 .debug_abbrev  0x0000124f      0x15b MCAL\src\uart.o
 .debug_abbrev  0x000013aa       0x6d Utility\src\delay.o
 .debug_abbrev  0x00001417      0x1ac src\main.o
 .debug_abbrev  0x000015c3       0x12 src\startup_stm32f40xx.o
 .debug_abbrev  0x000015d5       0x78 src\stm32f4xx_it.o
 .debug_abbrev  0x0000164d      0x158 src\system_stm32f4xx.o
 .debug_abbrev  0x000017a5      0x262 src\tiny_printf.o

.debug_aranges  0x00000000      0x6d8
 .debug_aranges
                0x00000000       0x78 App\App.o
 .debug_aranges
                0x00000078       0x30 HAL\src\EEPROM.o
 .debug_aranges
                0x000000a8       0x70 HAL\src\LCD.o
 .debug_aranges
                0x00000118       0x28 HAL\src\Servo.o
 .debug_aranges
                0x00000140       0x28 HAL\src\WIFI.o
 .debug_aranges
                0x00000168       0xc8 HAL\src\board.o
 .debug_aranges
                0x00000230       0x28 HAL\src\keypad.o
 .debug_aranges
                0x00000258       0x28 HAL\src\ultrasonic.o
 .debug_aranges
                0x00000280      0x180 Libraries\STM32F4xx_StdPeriph_Driver\src\stm32f4xx_rcc.o
 .debug_aranges
                0x00000400       0x30 MCAL\src\ADC.o
 .debug_aranges
                0x00000430       0x50 MCAL\src\I2C.o
 .debug_aranges
                0x00000480       0x38 MCAL\src\systick.o
 .debug_aranges
                0x000004b8       0x78 MCAL\src\timer.o
 .debug_aranges
                0x00000530       0x58 MCAL\src\uart.o
 .debug_aranges
                0x00000588       0x20 Utility\src\delay.o
 .debug_aranges
                0x000005a8       0x20 src\main.o
 .debug_aranges
                0x000005c8       0x28 src\startup_stm32f40xx.o
 .debug_aranges
                0x000005f0       0x58 src\stm32f4xx_it.o
 .debug_aranges
                0x00000648       0x30 src\system_stm32f4xx.o
 .debug_aranges
                0x00000678       0x60 src\tiny_printf.o

.debug_ranges   0x00000000      0x5a0
 .debug_ranges  0x00000000       0x68 App\App.o
 .debug_ranges  0x00000068       0x20 HAL\src\EEPROM.o
 .debug_ranges  0x00000088       0x60 HAL\src\LCD.o
 .debug_ranges  0x000000e8       0x18 HAL\src\Servo.o
 .debug_ranges  0x00000100       0x18 HAL\src\WIFI.o
 .debug_ranges  0x00000118       0xb8 HAL\src\board.o
 .debug_ranges  0x000001d0       0x18 HAL\src\keypad.o
 .debug_ranges  0x000001e8       0x18 HAL\src\ultrasonic.o
 .debug_ranges  0x00000200      0x170 Libraries\STM32F4xx_StdPeriph_Driver\src\stm32f4xx_rcc.o
 .debug_ranges  0x00000370       0x20 MCAL\src\ADC.o
 .debug_ranges  0x00000390       0x40 MCAL\src\I2C.o
 .debug_ranges  0x000003d0       0x28 MCAL\src\systick.o
 .debug_ranges  0x000003f8       0x68 MCAL\src\timer.o
 .debug_ranges  0x00000460       0x48 MCAL\src\uart.o
 .debug_ranges  0x000004a8       0x10 Utility\src\delay.o
 .debug_ranges  0x000004b8       0x10 src\main.o
 .debug_ranges  0x000004c8       0x20 src\startup_stm32f40xx.o
 .debug_ranges  0x000004e8       0x48 src\stm32f4xx_it.o
 .debug_ranges  0x00000530       0x20 src\system_stm32f4xx.o
 .debug_ranges  0x00000550       0x50 src\tiny_printf.o

.debug_line     0x00000000     0x3108
 .debug_line    0x00000000      0x47a App\App.o
 .debug_line    0x0000047a      0x1c3 HAL\src\EEPROM.o
 .debug_line    0x0000063d      0x329 HAL\src\LCD.o
 .debug_line    0x00000966      0x1e5 HAL\src\Servo.o
 .debug_line    0x00000b4b      0x1ee HAL\src\WIFI.o
 .debug_line    0x00000d39      0x3e5 HAL\src\board.o
 .debug_line    0x0000111e      0x1e9 HAL\src\keypad.o
 .debug_line    0x00001307      0x1c9 HAL\src\ultrasonic.o
 .debug_line    0x000014d0      0x5cd Libraries\STM32F4xx_StdPeriph_Driver\src\stm32f4xx_rcc.o
 .debug_line    0x00001a9d      0x210 MCAL\src\ADC.o
 .debug_line    0x00001cad      0x246 MCAL\src\I2C.o
 .debug_line    0x00001ef3      0x1c7 MCAL\src\systick.o
 .debug_line    0x000020ba      0x2df MCAL\src\timer.o
 .debug_line    0x00002399      0x28e MCAL\src\uart.o
 .debug_line    0x00002627      0x14b Utility\src\delay.o
 .debug_line    0x00002772      0x22e src\main.o
 .debug_line    0x000029a0       0x7a src\startup_stm32f40xx.o
 .debug_line    0x00002a1a      0x216 src\stm32f4xx_it.o
 .debug_line    0x00002c30      0x219 src\system_stm32f4xx.o
 .debug_line    0x00002e49      0x2bf src\tiny_printf.o

.debug_str      0x00000000     0x1e2d
 .debug_str     0x00000000      0x79b App\App.o
                                0x83e (size before relaxing)
 .debug_str     0x0000079b       0x77 HAL\src\EEPROM.o
                                0x263 (size before relaxing)
 .debug_str     0x00000812      0x187 HAL\src\LCD.o
                                0x7f0 (size before relaxing)
 .debug_str     0x00000999       0x48 HAL\src\Servo.o
                                0x22f (size before relaxing)
 .debug_str     0x000009e1       0x82 HAL\src\WIFI.o
                                0x2d8 (size before relaxing)
 .debug_str     0x00000a63      0x6d6 HAL\src\board.o
                                0xa76 (size before relaxing)
 .debug_str     0x00001139       0x3c HAL\src\keypad.o
                                0x35d (size before relaxing)
 .debug_str     0x00001175       0x50 HAL\src\ultrasonic.o
                                0x35f (size before relaxing)
 .debug_str     0x000011c5      0x5df Libraries\STM32F4xx_StdPeriph_Driver\src\stm32f4xx_rcc.o
                                0x8f6 (size before relaxing)
 .debug_str     0x000017a4       0xa0 MCAL\src\ADC.o
                                0x3ee (size before relaxing)
 .debug_str     0x00001844       0xad MCAL\src\I2C.o
                                0x3d3 (size before relaxing)
 .debug_str     0x000018f1       0x65 MCAL\src\systick.o
                                0x24c (size before relaxing)
 .debug_str     0x00001956      0x1aa MCAL\src\timer.o
                                0xa41 (size before relaxing)
 .debug_str     0x00001b00       0xd8 MCAL\src\uart.o
                                0x428 (size before relaxing)
 .debug_str     0x00001bd8       0x29 Utility\src\delay.o
                                0x1c0 (size before relaxing)
 .debug_str     0x00001c01       0x13 src\main.o
                                0x62b (size before relaxing)
 .debug_str     0x00001c14       0x96 src\stm32f4xx_it.o
                                0x25c (size before relaxing)
 .debug_str     0x00001caa       0xe3 src\system_stm32f4xx.o
                                0x3ff (size before relaxing)
 .debug_str     0x00001d8d       0xa0 src\tiny_printf.o
                                0x681 (size before relaxing)

.comment        0x00000000       0x7c
 .comment       0x00000000       0x7c App\App.o
                                 0x7d (size before relaxing)
 .comment       0x0000007c       0x7d HAL\src\EEPROM.o
 .comment       0x0000007c       0x7d HAL\src\LCD.o
 .comment       0x0000007c       0x7d HAL\src\Servo.o
 .comment       0x0000007c       0x7d HAL\src\WIFI.o
 .comment       0x0000007c       0x7d HAL\src\board.o
 .comment       0x0000007c       0x7d HAL\src\keypad.o
 .comment       0x0000007c       0x7d HAL\src\ultrasonic.o
 .comment       0x0000007c       0x7d Libraries\STM32F4xx_StdPeriph_Driver\src\stm32f4xx_rcc.o
 .comment       0x0000007c       0x7d MCAL\src\ADC.o
 .comment       0x0000007c       0x7d MCAL\src\I2C.o
 .comment       0x0000007c       0x7d MCAL\src\systick.o
 .comment       0x0000007c       0x7d MCAL\src\timer.o
 .comment       0x0000007c       0x7d MCAL\src\uart.o
 .comment       0x0000007c       0x7d Utility\src\delay.o
 .comment       0x0000007c       0x7d src\main.o
 .comment       0x0000007c       0x7d src\stm32f4xx_it.o
 .comment       0x0000007c       0x7d src\system_stm32f4xx.o
 .comment       0x0000007c       0x7d src\tiny_printf.o

.debug_frame    0x00000000     0x1914
 .debug_frame   0x00000000      0x1a4 App\App.o
 .debug_frame   0x000001a4       0x74 HAL\src\EEPROM.o
 .debug_frame   0x00000218      0x18c HAL\src\LCD.o
 .debug_frame   0x000003a4       0x50 HAL\src\Servo.o
 .debug_frame   0x000003f4       0x58 HAL\src\WIFI.o
 .debug_frame   0x0000044c      0x318 HAL\src\board.o
 .debug_frame   0x00000764       0x54 HAL\src\keypad.o
 .debug_frame   0x000007b8       0x50 HAL\src\ultrasonic.o
 .debug_frame   0x00000808      0x6fc Libraries\STM32F4xx_StdPeriph_Driver\src\stm32f4xx_rcc.o
 .debug_frame   0x00000f04       0x78 MCAL\src\ADC.o
 .debug_frame   0x00000f7c       0xf8 MCAL\src\I2C.o
 .debug_frame   0x00001074       0x98 MCAL\src\systick.o
 .debug_frame   0x0000110c      0x1c8 MCAL\src\timer.o
 .debug_frame   0x000012d4      0x144 MCAL\src\uart.o
 .debug_frame   0x00001418       0x38 Utility\src\delay.o
 .debug_frame   0x00001450       0x2c src\main.o
 .debug_frame   0x0000147c       0xf0 src\stm32f4xx_it.o
 .debug_frame   0x0000156c       0x7c src\system_stm32f4xx.o
 .debug_frame   0x000015e8      0x1bc src\tiny_printf.o
 .debug_frame   0x000017a4       0x2c c:/program files (x86)/atollic/truestudio for stm32 9.3.0/armtools/bin/../lib/gcc/arm-atollic-eabi/6.3.1/../../../../arm-atollic-eabi/lib/armv7e-m/fpu\libc_nano.a(lib_a-init.o)
 .debug_frame   0x000017d0       0xac c:/program files (x86)/atollic/truestudio for stm32 9.3.0/armtools/bin/../lib/gcc/arm-atollic-eabi/6.3.1/armv7e-m/fpu\libgcc.a(_arm_addsubdf3.o)
 .debug_frame   0x0000187c       0x50 c:/program files (x86)/atollic/truestudio for stm32 9.3.0/armtools/bin/../lib/gcc/arm-atollic-eabi/6.3.1/armv7e-m/fpu\libgcc.a(_arm_muldivdf3.o)
 .debug_frame   0x000018cc       0x24 c:/program files (x86)/atollic/truestudio for stm32 9.3.0/armtools/bin/../lib/gcc/arm-atollic-eabi/6.3.1/armv7e-m/fpu\libgcc.a(_arm_fixunsdfsi.o)
 .debug_frame   0x000018f0       0x24 c:/program files (x86)/atollic/truestudio for stm32 9.3.0/armtools/bin/../lib/gcc/arm-atollic-eabi/6.3.1/armv7e-m/fpu\libgcc.a(_arm_truncdfsf2.o)

.stabstr        0x00000000       0x3f
 .stabstr       0x00000000       0x3f c:/program files (x86)/atollic/truestudio for stm32 9.3.0/armtools/bin/../lib/gcc/arm-atollic-eabi/6.3.1/../../../../arm-atollic-eabi/lib/armv7e-m/fpu\libnosys.a(write.o)

Cross Reference Table

Symbol                                            File
ADC1_Init                                         MCAL\src\ADC.o
                                                  App\App.o
ADC1_Read                                         MCAL\src\ADC.o
                                                  App\App.o
ADC1_SelectChannel                                MCAL\src\ADC.o
                                                  App\App.o
ADC_AnalogWatchdogCmd                             Libraries\STM32F4xx_StdPeriph_Driver\src\stm32f4xx_adc.o
ADC_AnalogWatchdogSingleChannelConfig             Libraries\STM32F4xx_StdPeriph_Driver\src\stm32f4xx_adc.o
ADC_AnalogWatchdogThresholdsConfig                Libraries\STM32F4xx_StdPeriph_Driver\src\stm32f4xx_adc.o
ADC_AutoInjectedConvCmd                           Libraries\STM32F4xx_StdPeriph_Driver\src\stm32f4xx_adc.o
ADC_ClearFlag                                     Libraries\STM32F4xx_StdPeriph_Driver\src\stm32f4xx_adc.o
ADC_ClearITPendingBit                             Libraries\STM32F4xx_StdPeriph_Driver\src\stm32f4xx_adc.o
ADC_Cmd                                           Libraries\STM32F4xx_StdPeriph_Driver\src\stm32f4xx_adc.o
ADC_CommonInit                                    Libraries\STM32F4xx_StdPeriph_Driver\src\stm32f4xx_adc.o
ADC_CommonStructInit                              Libraries\STM32F4xx_StdPeriph_Driver\src\stm32f4xx_adc.o
ADC_ContinuousModeCmd                             Libraries\STM32F4xx_StdPeriph_Driver\src\stm32f4xx_adc.o
ADC_DMACmd                                        Libraries\STM32F4xx_StdPeriph_Driver\src\stm32f4xx_adc.o
ADC_DMARequestAfterLastTransferCmd                Libraries\STM32F4xx_StdPeriph_Driver\src\stm32f4xx_adc.o
ADC_DeInit                                        Libraries\STM32F4xx_StdPeriph_Driver\src\stm32f4xx_adc.o
ADC_DiscModeChannelCountConfig                    Libraries\STM32F4xx_StdPeriph_Driver\src\stm32f4xx_adc.o
ADC_DiscModeCmd                                   Libraries\STM32F4xx_StdPeriph_Driver\src\stm32f4xx_adc.o
ADC_EOCOnEachRegularChannelCmd                    Libraries\STM32F4xx_StdPeriph_Driver\src\stm32f4xx_adc.o
ADC_ExternalTrigInjectedConvConfig                Libraries\STM32F4xx_StdPeriph_Driver\src\stm32f4xx_adc.o
ADC_ExternalTrigInjectedConvEdgeConfig            Libraries\STM32F4xx_StdPeriph_Driver\src\stm32f4xx_adc.o
ADC_GetConversionValue                            Libraries\STM32F4xx_StdPeriph_Driver\src\stm32f4xx_adc.o
ADC_GetFlagStatus                                 Libraries\STM32F4xx_StdPeriph_Driver\src\stm32f4xx_adc.o
ADC_GetITStatus                                   Libraries\STM32F4xx_StdPeriph_Driver\src\stm32f4xx_adc.o
ADC_GetInjectedConversionValue                    Libraries\STM32F4xx_StdPeriph_Driver\src\stm32f4xx_adc.o
ADC_GetMultiModeConversionValue                   Libraries\STM32F4xx_StdPeriph_Driver\src\stm32f4xx_adc.o
ADC_GetSoftwareStartConvStatus                    Libraries\STM32F4xx_StdPeriph_Driver\src\stm32f4xx_adc.o
ADC_GetSoftwareStartInjectedConvCmdStatus         Libraries\STM32F4xx_StdPeriph_Driver\src\stm32f4xx_adc.o
ADC_IRQHandler                                    src\startup_stm32f40xx.o
ADC_ITConfig                                      Libraries\STM32F4xx_StdPeriph_Driver\src\stm32f4xx_adc.o
ADC_Init                                          Libraries\STM32F4xx_StdPeriph_Driver\src\stm32f4xx_adc.o
ADC_InjectedChannelConfig                         Libraries\STM32F4xx_StdPeriph_Driver\src\stm32f4xx_adc.o
ADC_InjectedDiscModeCmd                           Libraries\STM32F4xx_StdPeriph_Driver\src\stm32f4xx_adc.o
ADC_InjectedSequencerLengthConfig                 Libraries\STM32F4xx_StdPeriph_Driver\src\stm32f4xx_adc.o
ADC_MultiModeDMARequestAfterLastTransferCmd       Libraries\STM32F4xx_StdPeriph_Driver\src\stm32f4xx_adc.o
ADC_RegularChannelConfig                          Libraries\STM32F4xx_StdPeriph_Driver\src\stm32f4xx_adc.o
ADC_SetInjectedOffset                             Libraries\STM32F4xx_StdPeriph_Driver\src\stm32f4xx_adc.o
ADC_SoftwareStartConv                             Libraries\STM32F4xx_StdPeriph_Driver\src\stm32f4xx_adc.o
ADC_SoftwareStartInjectedConv                     Libraries\STM32F4xx_StdPeriph_Driver\src\stm32f4xx_adc.o
ADC_StructInit                                    Libraries\STM32F4xx_StdPeriph_Driver\src\stm32f4xx_adc.o
ADC_TempSensorVrefintCmd                          Libraries\STM32F4xx_StdPeriph_Driver\src\stm32f4xx_adc.o
ADC_VBATCmd                                       Libraries\STM32F4xx_StdPeriph_Driver\src\stm32f4xx_adc.o
AHBPrescTable                                     src\system_stm32f4xx.o
Btn_Init                                          HAL\src\board.o
Btn_Init_EXTI                                     HAL\src\board.o
                                                  App\App.o
Btn_isPressed                                     HAL\src\board.o
BusFault_Handler                                  src\stm32f4xx_it.o
                                                  src\startup_stm32f40xx.o
Buz_Init                                          HAL\src\board.o
                                                  App\App.o
Buz_Off                                           HAL\src\board.o
                                                  App\App.o
Buz_On                                            HAL\src\board.o
                                                  App\App.o
Buz_Toggle                                        HAL\src\board.o
CAN1_RX0_IRQHandler                               src\startup_stm32f40xx.o
CAN1_RX1_IRQHandler                               src\startup_stm32f40xx.o
CAN1_SCE_IRQHandler                               src\startup_stm32f40xx.o
CAN1_TX_IRQHandler                                src\startup_stm32f40xx.o
CAN2_RX0_IRQHandler                               src\startup_stm32f40xx.o
CAN2_RX1_IRQHandler                               src\startup_stm32f40xx.o
CAN2_SCE_IRQHandler                               src\startup_stm32f40xx.o
CAN2_TX_IRQHandler                                src\startup_stm32f40xx.o
CAN_CancelTransmit                                Libraries\STM32F4xx_StdPeriph_Driver\src\stm32f4xx_can.o
CAN_ClearFlag                                     Libraries\STM32F4xx_StdPeriph_Driver\src\stm32f4xx_can.o
CAN_ClearITPendingBit                             Libraries\STM32F4xx_StdPeriph_Driver\src\stm32f4xx_can.o
CAN_DBGFreeze                                     Libraries\STM32F4xx_StdPeriph_Driver\src\stm32f4xx_can.o
CAN_DeInit                                        Libraries\STM32F4xx_StdPeriph_Driver\src\stm32f4xx_can.o
CAN_FIFORelease                                   Libraries\STM32F4xx_StdPeriph_Driver\src\stm32f4xx_can.o
CAN_FilterInit                                    Libraries\STM32F4xx_StdPeriph_Driver\src\stm32f4xx_can.o
CAN_GetFlagStatus                                 Libraries\STM32F4xx_StdPeriph_Driver\src\stm32f4xx_can.o
CAN_GetITStatus                                   Libraries\STM32F4xx_StdPeriph_Driver\src\stm32f4xx_can.o
CAN_GetLSBTransmitErrorCounter                    Libraries\STM32F4xx_StdPeriph_Driver\src\stm32f4xx_can.o
CAN_GetLastErrorCode                              Libraries\STM32F4xx_StdPeriph_Driver\src\stm32f4xx_can.o
CAN_GetReceiveErrorCounter                        Libraries\STM32F4xx_StdPeriph_Driver\src\stm32f4xx_can.o
CAN_ITConfig                                      Libraries\STM32F4xx_StdPeriph_Driver\src\stm32f4xx_can.o
CAN_Init                                          Libraries\STM32F4xx_StdPeriph_Driver\src\stm32f4xx_can.o
CAN_MessagePending                                Libraries\STM32F4xx_StdPeriph_Driver\src\stm32f4xx_can.o
CAN_OperatingModeRequest                          Libraries\STM32F4xx_StdPeriph_Driver\src\stm32f4xx_can.o
CAN_Receive                                       Libraries\STM32F4xx_StdPeriph_Driver\src\stm32f4xx_can.o
CAN_SlaveStartBank                                Libraries\STM32F4xx_StdPeriph_Driver\src\stm32f4xx_can.o
CAN_Sleep                                         Libraries\STM32F4xx_StdPeriph_Driver\src\stm32f4xx_can.o
CAN_StructInit                                    Libraries\STM32F4xx_StdPeriph_Driver\src\stm32f4xx_can.o
CAN_TTComModeCmd                                  Libraries\STM32F4xx_StdPeriph_Driver\src\stm32f4xx_can.o
CAN_Transmit                                      Libraries\STM32F4xx_StdPeriph_Driver\src\stm32f4xx_can.o
CAN_TransmitStatus                                Libraries\STM32F4xx_StdPeriph_Driver\src\stm32f4xx_can.o
CAN_WakeUp                                        Libraries\STM32F4xx_StdPeriph_Driver\src\stm32f4xx_can.o
CRC_CalcBlockCRC                                  Libraries\STM32F4xx_StdPeriph_Driver\src\stm32f4xx_crc.o
CRC_CalcCRC                                       Libraries\STM32F4xx_StdPeriph_Driver\src\stm32f4xx_crc.o
CRC_GetCRC                                        Libraries\STM32F4xx_StdPeriph_Driver\src\stm32f4xx_crc.o
CRC_GetIDRegister                                 Libraries\STM32F4xx_StdPeriph_Driver\src\stm32f4xx_crc.o
CRC_ResetDR                                       Libraries\STM32F4xx_StdPeriph_Driver\src\stm32f4xx_crc.o
CRC_SetIDRegister                                 Libraries\STM32F4xx_StdPeriph_Driver\src\stm32f4xx_crc.o
CRYP_AES_CBC                                      Libraries\STM32F4xx_StdPeriph_Driver\src\stm32f4xx_cryp_aes.o
CRYP_AES_CCM                                      Libraries\STM32F4xx_StdPeriph_Driver\src\stm32f4xx_cryp_aes.o
CRYP_AES_CTR                                      Libraries\STM32F4xx_StdPeriph_Driver\src\stm32f4xx_cryp_aes.o
CRYP_AES_ECB                                      Libraries\STM32F4xx_StdPeriph_Driver\src\stm32f4xx_cryp_aes.o
CRYP_AES_GCM                                      Libraries\STM32F4xx_StdPeriph_Driver\src\stm32f4xx_cryp_aes.o
CRYP_Cmd                                          Libraries\STM32F4xx_StdPeriph_Driver\src\stm32f4xx_cryp.o
                                                  Libraries\STM32F4xx_StdPeriph_Driver\src\stm32f4xx_cryp_tdes.o
                                                  Libraries\STM32F4xx_StdPeriph_Driver\src\stm32f4xx_cryp_des.o
                                                  Libraries\STM32F4xx_StdPeriph_Driver\src\stm32f4xx_cryp_aes.o
CRYP_DES_CBC                                      Libraries\STM32F4xx_StdPeriph_Driver\src\stm32f4xx_cryp_des.o
CRYP_DES_ECB                                      Libraries\STM32F4xx_StdPeriph_Driver\src\stm32f4xx_cryp_des.o
CRYP_DMACmd                                       Libraries\STM32F4xx_StdPeriph_Driver\src\stm32f4xx_cryp.o
CRYP_DataIn                                       Libraries\STM32F4xx_StdPeriph_Driver\src\stm32f4xx_cryp.o
                                                  Libraries\STM32F4xx_StdPeriph_Driver\src\stm32f4xx_cryp_tdes.o
                                                  Libraries\STM32F4xx_StdPeriph_Driver\src\stm32f4xx_cryp_des.o
                                                  Libraries\STM32F4xx_StdPeriph_Driver\src\stm32f4xx_cryp_aes.o
CRYP_DataOut                                      Libraries\STM32F4xx_StdPeriph_Driver\src\stm32f4xx_cryp.o
                                                  Libraries\STM32F4xx_StdPeriph_Driver\src\stm32f4xx_cryp_tdes.o
                                                  Libraries\STM32F4xx_StdPeriph_Driver\src\stm32f4xx_cryp_des.o
                                                  Libraries\STM32F4xx_StdPeriph_Driver\src\stm32f4xx_cryp_aes.o
CRYP_DeInit                                       Libraries\STM32F4xx_StdPeriph_Driver\src\stm32f4xx_cryp.o
CRYP_FIFOFlush                                    Libraries\STM32F4xx_StdPeriph_Driver\src\stm32f4xx_cryp.o
                                                  Libraries\STM32F4xx_StdPeriph_Driver\src\stm32f4xx_cryp_tdes.o
                                                  Libraries\STM32F4xx_StdPeriph_Driver\src\stm32f4xx_cryp_des.o
                                                  Libraries\STM32F4xx_StdPeriph_Driver\src\stm32f4xx_cryp_aes.o
CRYP_GetCmdStatus                                 Libraries\STM32F4xx_StdPeriph_Driver\src\stm32f4xx_cryp.o
                                                  Libraries\STM32F4xx_StdPeriph_Driver\src\stm32f4xx_cryp_tdes.o
                                                  Libraries\STM32F4xx_StdPeriph_Driver\src\stm32f4xx_cryp_des.o
                                                  Libraries\STM32F4xx_StdPeriph_Driver\src\stm32f4xx_cryp_aes.o
CRYP_GetFlagStatus                                Libraries\STM32F4xx_StdPeriph_Driver\src\stm32f4xx_cryp.o
                                                  Libraries\STM32F4xx_StdPeriph_Driver\src\stm32f4xx_cryp_tdes.o
                                                  Libraries\STM32F4xx_StdPeriph_Driver\src\stm32f4xx_cryp_des.o
                                                  Libraries\STM32F4xx_StdPeriph_Driver\src\stm32f4xx_cryp_aes.o
CRYP_GetITStatus                                  Libraries\STM32F4xx_StdPeriph_Driver\src\stm32f4xx_cryp.o
CRYP_IRQHandler                                   src\startup_stm32f40xx.o
CRYP_ITConfig                                     Libraries\STM32F4xx_StdPeriph_Driver\src\stm32f4xx_cryp.o
CRYP_IVInit                                       Libraries\STM32F4xx_StdPeriph_Driver\src\stm32f4xx_cryp.o
                                                  Libraries\STM32F4xx_StdPeriph_Driver\src\stm32f4xx_cryp_tdes.o
                                                  Libraries\STM32F4xx_StdPeriph_Driver\src\stm32f4xx_cryp_des.o
                                                  Libraries\STM32F4xx_StdPeriph_Driver\src\stm32f4xx_cryp_aes.o
CRYP_IVStructInit                                 Libraries\STM32F4xx_StdPeriph_Driver\src\stm32f4xx_cryp.o
CRYP_Init                                         Libraries\STM32F4xx_StdPeriph_Driver\src\stm32f4xx_cryp.o
                                                  Libraries\STM32F4xx_StdPeriph_Driver\src\stm32f4xx_cryp_tdes.o
                                                  Libraries\STM32F4xx_StdPeriph_Driver\src\stm32f4xx_cryp_des.o
                                                  Libraries\STM32F4xx_StdPeriph_Driver\src\stm32f4xx_cryp_aes.o
CRYP_KeyInit                                      Libraries\STM32F4xx_StdPeriph_Driver\src\stm32f4xx_cryp.o
                                                  Libraries\STM32F4xx_StdPeriph_Driver\src\stm32f4xx_cryp_tdes.o
                                                  Libraries\STM32F4xx_StdPeriph_Driver\src\stm32f4xx_cryp_des.o
                                                  Libraries\STM32F4xx_StdPeriph_Driver\src\stm32f4xx_cryp_aes.o
CRYP_KeyStructInit                                Libraries\STM32F4xx_StdPeriph_Driver\src\stm32f4xx_cryp.o
                                                  Libraries\STM32F4xx_StdPeriph_Driver\src\stm32f4xx_cryp_tdes.o
                                                  Libraries\STM32F4xx_StdPeriph_Driver\src\stm32f4xx_cryp_des.o
                                                  Libraries\STM32F4xx_StdPeriph_Driver\src\stm32f4xx_cryp_aes.o
CRYP_PhaseConfig                                  Libraries\STM32F4xx_StdPeriph_Driver\src\stm32f4xx_cryp.o
                                                  Libraries\STM32F4xx_StdPeriph_Driver\src\stm32f4xx_cryp_aes.o
CRYP_RestoreContext                               Libraries\STM32F4xx_StdPeriph_Driver\src\stm32f4xx_cryp.o
CRYP_SaveContext                                  Libraries\STM32F4xx_StdPeriph_Driver\src\stm32f4xx_cryp.o
CRYP_StructInit                                   Libraries\STM32F4xx_StdPeriph_Driver\src\stm32f4xx_cryp.o
CRYP_TDES_CBC                                     Libraries\STM32F4xx_StdPeriph_Driver\src\stm32f4xx_cryp_tdes.o
CRYP_TDES_ECB                                     Libraries\STM32F4xx_StdPeriph_Driver\src\stm32f4xx_cryp_tdes.o
ChangePassword                                    App\App.o
DAC_ClearFlag                                     Libraries\STM32F4xx_StdPeriph_Driver\src\stm32f4xx_dac.o
DAC_ClearITPendingBit                             Libraries\STM32F4xx_StdPeriph_Driver\src\stm32f4xx_dac.o
DAC_Cmd                                           Libraries\STM32F4xx_StdPeriph_Driver\src\stm32f4xx_dac.o
DAC_DMACmd                                        Libraries\STM32F4xx_StdPeriph_Driver\src\stm32f4xx_dac.o
DAC_DeInit                                        Libraries\STM32F4xx_StdPeriph_Driver\src\stm32f4xx_dac.o
DAC_DualSoftwareTriggerCmd                        Libraries\STM32F4xx_StdPeriph_Driver\src\stm32f4xx_dac.o
DAC_GetDataOutputValue                            Libraries\STM32F4xx_StdPeriph_Driver\src\stm32f4xx_dac.o
DAC_GetFlagStatus                                 Libraries\STM32F4xx_StdPeriph_Driver\src\stm32f4xx_dac.o
DAC_GetITStatus                                   Libraries\STM32F4xx_StdPeriph_Driver\src\stm32f4xx_dac.o
DAC_ITConfig                                      Libraries\STM32F4xx_StdPeriph_Driver\src\stm32f4xx_dac.o
DAC_Init                                          Libraries\STM32F4xx_StdPeriph_Driver\src\stm32f4xx_dac.o
DAC_SetChannel1Data                               Libraries\STM32F4xx_StdPeriph_Driver\src\stm32f4xx_dac.o
DAC_SetChannel2Data                               Libraries\STM32F4xx_StdPeriph_Driver\src\stm32f4xx_dac.o
DAC_SetDualChannelData                            Libraries\STM32F4xx_StdPeriph_Driver\src\stm32f4xx_dac.o
DAC_SoftwareTriggerCmd                            Libraries\STM32F4xx_StdPeriph_Driver\src\stm32f4xx_dac.o
DAC_StructInit                                    Libraries\STM32F4xx_StdPeriph_Driver\src\stm32f4xx_dac.o
DAC_WaveGenerationCmd                             Libraries\STM32F4xx_StdPeriph_Driver\src\stm32f4xx_dac.o
DBGMCU_APB1PeriphConfig                           Libraries\STM32F4xx_StdPeriph_Driver\src\stm32f4xx_dbgmcu.o
DBGMCU_APB2PeriphConfig                           Libraries\STM32F4xx_StdPeriph_Driver\src\stm32f4xx_dbgmcu.o
DBGMCU_Config                                     Libraries\STM32F4xx_StdPeriph_Driver\src\stm32f4xx_dbgmcu.o
DBGMCU_GetDEVID                                   Libraries\STM32F4xx_StdPeriph_Driver\src\stm32f4xx_dbgmcu.o
DBGMCU_GetREVID                                   Libraries\STM32F4xx_StdPeriph_Driver\src\stm32f4xx_dbgmcu.o
DCMI_CROPCmd                                      Libraries\STM32F4xx_StdPeriph_Driver\src\stm32f4xx_dcmi.o
DCMI_CROPConfig                                   Libraries\STM32F4xx_StdPeriph_Driver\src\stm32f4xx_dcmi.o
DCMI_CaptureCmd                                   Libraries\STM32F4xx_StdPeriph_Driver\src\stm32f4xx_dcmi.o
DCMI_ClearFlag                                    Libraries\STM32F4xx_StdPeriph_Driver\src\stm32f4xx_dcmi.o
DCMI_ClearITPendingBit                            Libraries\STM32F4xx_StdPeriph_Driver\src\stm32f4xx_dcmi.o
DCMI_Cmd                                          Libraries\STM32F4xx_StdPeriph_Driver\src\stm32f4xx_dcmi.o
DCMI_DeInit                                       Libraries\STM32F4xx_StdPeriph_Driver\src\stm32f4xx_dcmi.o
DCMI_GetFlagStatus                                Libraries\STM32F4xx_StdPeriph_Driver\src\stm32f4xx_dcmi.o
DCMI_GetITStatus                                  Libraries\STM32F4xx_StdPeriph_Driver\src\stm32f4xx_dcmi.o
DCMI_IRQHandler                                   src\startup_stm32f40xx.o
DCMI_ITConfig                                     Libraries\STM32F4xx_StdPeriph_Driver\src\stm32f4xx_dcmi.o
DCMI_Init                                         Libraries\STM32F4xx_StdPeriph_Driver\src\stm32f4xx_dcmi.o
DCMI_JPEGCmd                                      Libraries\STM32F4xx_StdPeriph_Driver\src\stm32f4xx_dcmi.o
DCMI_ReadData                                     Libraries\STM32F4xx_StdPeriph_Driver\src\stm32f4xx_dcmi.o
DCMI_SetEmbeddedSynchroCodes                      Libraries\STM32F4xx_StdPeriph_Driver\src\stm32f4xx_dcmi.o
DCMI_StructInit                                   Libraries\STM32F4xx_StdPeriph_Driver\src\stm32f4xx_dcmi.o
DMA1_Stream0_IRQHandler                           src\startup_stm32f40xx.o
DMA1_Stream1_IRQHandler                           src\startup_stm32f40xx.o
DMA1_Stream2_IRQHandler                           src\startup_stm32f40xx.o
DMA1_Stream3_IRQHandler                           src\startup_stm32f40xx.o
DMA1_Stream4_IRQHandler                           src\startup_stm32f40xx.o
DMA1_Stream5_IRQHandler                           src\startup_stm32f40xx.o
DMA1_Stream6_IRQHandler                           src\startup_stm32f40xx.o
DMA1_Stream7_IRQHandler                           src\startup_stm32f40xx.o
DMA2_Stream0_IRQHandler                           src\startup_stm32f40xx.o
DMA2_Stream1_IRQHandler                           src\startup_stm32f40xx.o
DMA2_Stream2_IRQHandler                           src\startup_stm32f40xx.o
DMA2_Stream3_IRQHandler                           src\startup_stm32f40xx.o
DMA2_Stream4_IRQHandler                           src\startup_stm32f40xx.o
DMA2_Stream5_IRQHandler                           src\startup_stm32f40xx.o
DMA2_Stream6_IRQHandler                           src\startup_stm32f40xx.o
DMA2_Stream7_IRQHandler                           src\startup_stm32f40xx.o
DMA_ClearFlag                                     Libraries\STM32F4xx_StdPeriph_Driver\src\stm32f4xx_dma.o
DMA_ClearITPendingBit                             Libraries\STM32F4xx_StdPeriph_Driver\src\stm32f4xx_dma.o
DMA_Cmd                                           Libraries\STM32F4xx_StdPeriph_Driver\src\stm32f4xx_dma.o
DMA_DeInit                                        Libraries\STM32F4xx_StdPeriph_Driver\src\stm32f4xx_dma.o
DMA_DoubleBufferModeCmd                           Libraries\STM32F4xx_StdPeriph_Driver\src\stm32f4xx_dma.o
DMA_DoubleBufferModeConfig                        Libraries\STM32F4xx_StdPeriph_Driver\src\stm32f4xx_dma.o
DMA_FlowControllerConfig                          Libraries\STM32F4xx_StdPeriph_Driver\src\stm32f4xx_dma.o
DMA_GetCmdStatus                                  Libraries\STM32F4xx_StdPeriph_Driver\src\stm32f4xx_dma.o
DMA_GetCurrDataCounter                            Libraries\STM32F4xx_StdPeriph_Driver\src\stm32f4xx_dma.o
DMA_GetCurrentMemoryTarget                        Libraries\STM32F4xx_StdPeriph_Driver\src\stm32f4xx_dma.o
DMA_GetFIFOStatus                                 Libraries\STM32F4xx_StdPeriph_Driver\src\stm32f4xx_dma.o
DMA_GetFlagStatus                                 Libraries\STM32F4xx_StdPeriph_Driver\src\stm32f4xx_dma.o
DMA_GetITStatus                                   Libraries\STM32F4xx_StdPeriph_Driver\src\stm32f4xx_dma.o
DMA_ITConfig                                      Libraries\STM32F4xx_StdPeriph_Driver\src\stm32f4xx_dma.o
DMA_Init                                          Libraries\STM32F4xx_StdPeriph_Driver\src\stm32f4xx_dma.o
DMA_MemoryTargetConfig                            Libraries\STM32F4xx_StdPeriph_Driver\src\stm32f4xx_dma.o
DMA_PeriphIncOffsetSizeConfig                     Libraries\STM32F4xx_StdPeriph_Driver\src\stm32f4xx_dma.o
DMA_SetCurrDataCounter                            Libraries\STM32F4xx_StdPeriph_Driver\src\stm32f4xx_dma.o
DMA_StructInit                                    Libraries\STM32F4xx_StdPeriph_Driver\src\stm32f4xx_dma.o
DebugMon_Handler                                  src\stm32f4xx_it.o
                                                  src\startup_stm32f40xx.o
Default_Handler                                   src\startup_stm32f40xx.o
DoorLock                                          App\App.o
EEPROM_Init                                       HAL\src\EEPROM.o
                                                  App\App.o
EEPROM_ReadByte                                   HAL\src\EEPROM.o
                                                  App\App.o
EEPROM_WriteByte                                  HAL\src\EEPROM.o
                                                  App\App.o
ETH_IRQHandler                                    src\startup_stm32f40xx.o
ETH_WKUP_IRQHandler                               src\startup_stm32f40xx.o
EXTI0_IRQHandler                                  HAL\src\board.o
EXTI15_10_IRQHandler                              App\App.o
EXTI1_IRQHandler                                  App\App.o
EXTI2_IRQHandler                                  HAL\src\board.o
EXTI3_IRQHandler                                  src\startup_stm32f40xx.o
EXTI4_IRQHandler                                  src\startup_stm32f40xx.o
EXTI9_5_IRQHandler                                src\startup_stm32f40xx.o
EXTI_ClearFlag                                    Libraries\STM32F4xx_StdPeriph_Driver\src\stm32f4xx_exti.o
EXTI_ClearITPendingBit                            Libraries\STM32F4xx_StdPeriph_Driver\src\stm32f4xx_exti.o
EXTI_DeInit                                       Libraries\STM32F4xx_StdPeriph_Driver\src\stm32f4xx_exti.o
EXTI_GenerateSWInterrupt                          Libraries\STM32F4xx_StdPeriph_Driver\src\stm32f4xx_exti.o
EXTI_GetFlagStatus                                Libraries\STM32F4xx_StdPeriph_Driver\src\stm32f4xx_exti.o
EXTI_GetITStatus                                  Libraries\STM32F4xx_StdPeriph_Driver\src\stm32f4xx_exti.o
EXTI_Init                                         Libraries\STM32F4xx_StdPeriph_Driver\src\stm32f4xx_exti.o
EXTI_StructInit                                   Libraries\STM32F4xx_StdPeriph_Driver\src\stm32f4xx_exti.o
FLASH_ClearFlag                                   Libraries\STM32F4xx_StdPeriph_Driver\src\stm32f4xx_flash.o
FLASH_DataCacheCmd                                Libraries\STM32F4xx_StdPeriph_Driver\src\stm32f4xx_flash.o
FLASH_DataCacheReset                              Libraries\STM32F4xx_StdPeriph_Driver\src\stm32f4xx_flash.o
FLASH_EraseAllSectors                             Libraries\STM32F4xx_StdPeriph_Driver\src\stm32f4xx_flash.o
FLASH_EraseSector                                 Libraries\STM32F4xx_StdPeriph_Driver\src\stm32f4xx_flash.o
FLASH_GetFlagStatus                               Libraries\STM32F4xx_StdPeriph_Driver\src\stm32f4xx_flash.o
FLASH_GetStatus                                   Libraries\STM32F4xx_StdPeriph_Driver\src\stm32f4xx_flash.o
FLASH_IRQHandler                                  src\startup_stm32f40xx.o
FLASH_ITConfig                                    Libraries\STM32F4xx_StdPeriph_Driver\src\stm32f4xx_flash.o
FLASH_InstructionCacheCmd                         Libraries\STM32F4xx_StdPeriph_Driver\src\stm32f4xx_flash.o
FLASH_InstructionCacheReset                       Libraries\STM32F4xx_StdPeriph_Driver\src\stm32f4xx_flash.o
FLASH_Lock                                        Libraries\STM32F4xx_StdPeriph_Driver\src\stm32f4xx_flash.o
FLASH_OB_BORConfig                                Libraries\STM32F4xx_StdPeriph_Driver\src\stm32f4xx_flash.o
FLASH_OB_GetBOR                                   Libraries\STM32F4xx_StdPeriph_Driver\src\stm32f4xx_flash.o
FLASH_OB_GetRDP                                   Libraries\STM32F4xx_StdPeriph_Driver\src\stm32f4xx_flash.o
FLASH_OB_GetUser                                  Libraries\STM32F4xx_StdPeriph_Driver\src\stm32f4xx_flash.o
FLASH_OB_GetWRP                                   Libraries\STM32F4xx_StdPeriph_Driver\src\stm32f4xx_flash.o
FLASH_OB_GetWRP1                                  Libraries\STM32F4xx_StdPeriph_Driver\src\stm32f4xx_flash.o
FLASH_OB_Launch                                   Libraries\STM32F4xx_StdPeriph_Driver\src\stm32f4xx_flash.o
FLASH_OB_Lock                                     Libraries\STM32F4xx_StdPeriph_Driver\src\stm32f4xx_flash.o
FLASH_OB_RDPConfig                                Libraries\STM32F4xx_StdPeriph_Driver\src\stm32f4xx_flash.o
FLASH_OB_Unlock                                   Libraries\STM32F4xx_StdPeriph_Driver\src\stm32f4xx_flash.o
FLASH_OB_UserConfig                               Libraries\STM32F4xx_StdPeriph_Driver\src\stm32f4xx_flash.o
FLASH_OB_WRP1Config                               Libraries\STM32F4xx_StdPeriph_Driver\src\stm32f4xx_flash.o
FLASH_OB_WRPConfig                                Libraries\STM32F4xx_StdPeriph_Driver\src\stm32f4xx_flash.o
FLASH_PrefetchBufferCmd                           Libraries\STM32F4xx_StdPeriph_Driver\src\stm32f4xx_flash.o
FLASH_ProgramByte                                 Libraries\STM32F4xx_StdPeriph_Driver\src\stm32f4xx_flash.o
FLASH_ProgramDoubleWord                           Libraries\STM32F4xx_StdPeriph_Driver\src\stm32f4xx_flash.o
FLASH_ProgramHalfWord                             Libraries\STM32F4xx_StdPeriph_Driver\src\stm32f4xx_flash.o
FLASH_ProgramWord                                 Libraries\STM32F4xx_StdPeriph_Driver\src\stm32f4xx_flash.o
FLASH_SetLatency                                  Libraries\STM32F4xx_StdPeriph_Driver\src\stm32f4xx_flash.o
FLASH_Unlock                                      Libraries\STM32F4xx_StdPeriph_Driver\src\stm32f4xx_flash.o
FLASH_WaitForLastOperation                        Libraries\STM32F4xx_StdPeriph_Driver\src\stm32f4xx_flash.o
FPU_IRQHandler                                    src\startup_stm32f40xx.o
FSMC_ClearFlag                                    Libraries\STM32F4xx_StdPeriph_Driver\src\stm32f4xx_fsmc.o
FSMC_ClearITPendingBit                            Libraries\STM32F4xx_StdPeriph_Driver\src\stm32f4xx_fsmc.o
FSMC_GetECC                                       Libraries\STM32F4xx_StdPeriph_Driver\src\stm32f4xx_fsmc.o
FSMC_GetFlagStatus                                Libraries\STM32F4xx_StdPeriph_Driver\src\stm32f4xx_fsmc.o
FSMC_GetITStatus                                  Libraries\STM32F4xx_StdPeriph_Driver\src\stm32f4xx_fsmc.o
FSMC_IRQHandler                                   src\startup_stm32f40xx.o
FSMC_ITConfig                                     Libraries\STM32F4xx_StdPeriph_Driver\src\stm32f4xx_fsmc.o
FSMC_NANDCmd                                      Libraries\STM32F4xx_StdPeriph_Driver\src\stm32f4xx_fsmc.o
FSMC_NANDDeInit                                   Libraries\STM32F4xx_StdPeriph_Driver\src\stm32f4xx_fsmc.o
FSMC_NANDECCCmd                                   Libraries\STM32F4xx_StdPeriph_Driver\src\stm32f4xx_fsmc.o
FSMC_NANDInit                                     Libraries\STM32F4xx_StdPeriph_Driver\src\stm32f4xx_fsmc.o
FSMC_NANDStructInit                               Libraries\STM32F4xx_StdPeriph_Driver\src\stm32f4xx_fsmc.o
FSMC_NORSRAMCmd                                   Libraries\STM32F4xx_StdPeriph_Driver\src\stm32f4xx_fsmc.o
FSMC_NORSRAMDeInit                                Libraries\STM32F4xx_StdPeriph_Driver\src\stm32f4xx_fsmc.o
FSMC_NORSRAMInit                                  Libraries\STM32F4xx_StdPeriph_Driver\src\stm32f4xx_fsmc.o
FSMC_NORSRAMStructInit                            Libraries\STM32F4xx_StdPeriph_Driver\src\stm32f4xx_fsmc.o
FSMC_PCCARDCmd                                    Libraries\STM32F4xx_StdPeriph_Driver\src\stm32f4xx_fsmc.o
FSMC_PCCARDDeInit                                 Libraries\STM32F4xx_StdPeriph_Driver\src\stm32f4xx_fsmc.o
FSMC_PCCARDInit                                   Libraries\STM32F4xx_StdPeriph_Driver\src\stm32f4xx_fsmc.o
FSMC_PCCARDStructInit                             Libraries\STM32F4xx_StdPeriph_Driver\src\stm32f4xx_fsmc.o
FirstTimePassword                                 App\App.o
GPIO_DeInit                                       Libraries\STM32F4xx_StdPeriph_Driver\src\stm32f4xx_gpio.o
GPIO_Init                                         Libraries\STM32F4xx_StdPeriph_Driver\src\stm32f4xx_gpio.o
GPIO_PinAFConfig                                  Libraries\STM32F4xx_StdPeriph_Driver\src\stm32f4xx_gpio.o
GPIO_PinLockConfig                                Libraries\STM32F4xx_StdPeriph_Driver\src\stm32f4xx_gpio.o
GPIO_ReadInputData                                Libraries\STM32F4xx_StdPeriph_Driver\src\stm32f4xx_gpio.o
GPIO_ReadInputDataBit                             Libraries\STM32F4xx_StdPeriph_Driver\src\stm32f4xx_gpio.o
GPIO_ReadOutputData                               Libraries\STM32F4xx_StdPeriph_Driver\src\stm32f4xx_gpio.o
GPIO_ReadOutputDataBit                            Libraries\STM32F4xx_StdPeriph_Driver\src\stm32f4xx_gpio.o
GPIO_ResetBits                                    Libraries\STM32F4xx_StdPeriph_Driver\src\stm32f4xx_gpio.o
GPIO_SetBits                                      Libraries\STM32F4xx_StdPeriph_Driver\src\stm32f4xx_gpio.o
GPIO_StructInit                                   Libraries\STM32F4xx_StdPeriph_Driver\src\stm32f4xx_gpio.o
GPIO_ToggleBits                                   Libraries\STM32F4xx_StdPeriph_Driver\src\stm32f4xx_gpio.o
GPIO_Write                                        Libraries\STM32F4xx_StdPeriph_Driver\src\stm32f4xx_gpio.o
GPIO_WriteBit                                     Libraries\STM32F4xx_StdPeriph_Driver\src\stm32f4xx_gpio.o
HASH_AutoStartDigest                              Libraries\STM32F4xx_StdPeriph_Driver\src\stm32f4xx_hash.o
HASH_ClearFlag                                    Libraries\STM32F4xx_StdPeriph_Driver\src\stm32f4xx_hash.o
HASH_ClearITPendingBit                            Libraries\STM32F4xx_StdPeriph_Driver\src\stm32f4xx_hash.o
HASH_DMACmd                                       Libraries\STM32F4xx_StdPeriph_Driver\src\stm32f4xx_hash.o
HASH_DataIn                                       Libraries\STM32F4xx_StdPeriph_Driver\src\stm32f4xx_hash.o
                                                  Libraries\STM32F4xx_StdPeriph_Driver\src\stm32f4xx_hash_sha1.o
                                                  Libraries\STM32F4xx_StdPeriph_Driver\src\stm32f4xx_hash_md5.o
HASH_DeInit                                       Libraries\STM32F4xx_StdPeriph_Driver\src\stm32f4xx_hash.o
                                                  Libraries\STM32F4xx_StdPeriph_Driver\src\stm32f4xx_hash_sha1.o
                                                  Libraries\STM32F4xx_StdPeriph_Driver\src\stm32f4xx_hash_md5.o
HASH_GetDigest                                    Libraries\STM32F4xx_StdPeriph_Driver\src\stm32f4xx_hash.o
                                                  Libraries\STM32F4xx_StdPeriph_Driver\src\stm32f4xx_hash_sha1.o
                                                  Libraries\STM32F4xx_StdPeriph_Driver\src\stm32f4xx_hash_md5.o
HASH_GetFlagStatus                                Libraries\STM32F4xx_StdPeriph_Driver\src\stm32f4xx_hash.o
                                                  Libraries\STM32F4xx_StdPeriph_Driver\src\stm32f4xx_hash_sha1.o
                                                  Libraries\STM32F4xx_StdPeriph_Driver\src\stm32f4xx_hash_md5.o
HASH_GetITStatus                                  Libraries\STM32F4xx_StdPeriph_Driver\src\stm32f4xx_hash.o
HASH_GetInFIFOWordsNbr                            Libraries\STM32F4xx_StdPeriph_Driver\src\stm32f4xx_hash.o
HASH_ITConfig                                     Libraries\STM32F4xx_StdPeriph_Driver\src\stm32f4xx_hash.o
HASH_Init                                         Libraries\STM32F4xx_StdPeriph_Driver\src\stm32f4xx_hash.o
                                                  Libraries\STM32F4xx_StdPeriph_Driver\src\stm32f4xx_hash_sha1.o
                                                  Libraries\STM32F4xx_StdPeriph_Driver\src\stm32f4xx_hash_md5.o
HASH_MD5                                          Libraries\STM32F4xx_StdPeriph_Driver\src\stm32f4xx_hash_md5.o
HASH_RNG_IRQHandler                               src\startup_stm32f40xx.o
HASH_Reset                                        Libraries\STM32F4xx_StdPeriph_Driver\src\stm32f4xx_hash.o
HASH_RestoreContext                               Libraries\STM32F4xx_StdPeriph_Driver\src\stm32f4xx_hash.o
HASH_SHA1                                         Libraries\STM32F4xx_StdPeriph_Driver\src\stm32f4xx_hash_sha1.o
HASH_SaveContext                                  Libraries\STM32F4xx_StdPeriph_Driver\src\stm32f4xx_hash.o
HASH_SetLastWordValidBitsNbr                      Libraries\STM32F4xx_StdPeriph_Driver\src\stm32f4xx_hash.o
                                                  Libraries\STM32F4xx_StdPeriph_Driver\src\stm32f4xx_hash_sha1.o
                                                  Libraries\STM32F4xx_StdPeriph_Driver\src\stm32f4xx_hash_md5.o
HASH_StartDigest                                  Libraries\STM32F4xx_StdPeriph_Driver\src\stm32f4xx_hash.o
                                                  Libraries\STM32F4xx_StdPeriph_Driver\src\stm32f4xx_hash_sha1.o
                                                  Libraries\STM32F4xx_StdPeriph_Driver\src\stm32f4xx_hash_md5.o
HASH_StructInit                                   Libraries\STM32F4xx_StdPeriph_Driver\src\stm32f4xx_hash.o
HMAC_MD5                                          Libraries\STM32F4xx_StdPeriph_Driver\src\stm32f4xx_hash_md5.o
HMAC_SHA1                                         Libraries\STM32F4xx_StdPeriph_Driver\src\stm32f4xx_hash_sha1.o
HardFault_Handler                                 src\stm32f4xx_it.o
                                                  src\startup_stm32f40xx.o
I2C1_ER_IRQHandler                                src\startup_stm32f40xx.o
I2C1_EV_IRQHandler                                src\startup_stm32f40xx.o
I2C1_Init                                         MCAL\src\I2C.o
I2C1_ReadData                                     MCAL\src\I2C.o
                                                  HAL\src\EEPROM.o
I2C1_Start                                        MCAL\src\I2C.o
                                                  HAL\src\EEPROM.o
I2C1_Stop                                         MCAL\src\I2C.o
                                                  HAL\src\EEPROM.o
I2C1_WriteAddress                                 MCAL\src\I2C.o
                                                  HAL\src\EEPROM.o
I2C1_WriteData                                    MCAL\src\I2C.o
                                                  HAL\src\EEPROM.o
I2C2_ER_IRQHandler                                src\startup_stm32f40xx.o
I2C2_EV_IRQHandler                                src\startup_stm32f40xx.o
I2C3_ER_IRQHandler                                src\startup_stm32f40xx.o
I2C3_EV_IRQHandler                                src\startup_stm32f40xx.o
I2C_ARPCmd                                        Libraries\STM32F4xx_StdPeriph_Driver\src\stm32f4xx_i2c.o
I2C_AcknowledgeConfig                             Libraries\STM32F4xx_StdPeriph_Driver\src\stm32f4xx_i2c.o
I2C_AnalogFilterCmd                               Libraries\STM32F4xx_StdPeriph_Driver\src\stm32f4xx_i2c.o
I2C_CalculatePEC                                  Libraries\STM32F4xx_StdPeriph_Driver\src\stm32f4xx_i2c.o
I2C_CheckEvent                                    Libraries\STM32F4xx_StdPeriph_Driver\src\stm32f4xx_i2c.o
I2C_ClearFlag                                     Libraries\STM32F4xx_StdPeriph_Driver\src\stm32f4xx_i2c.o
I2C_ClearITPendingBit                             Libraries\STM32F4xx_StdPeriph_Driver\src\stm32f4xx_i2c.o
I2C_Cmd                                           Libraries\STM32F4xx_StdPeriph_Driver\src\stm32f4xx_i2c.o
I2C_DMACmd                                        Libraries\STM32F4xx_StdPeriph_Driver\src\stm32f4xx_i2c.o
I2C_DMALastTransferCmd                            Libraries\STM32F4xx_StdPeriph_Driver\src\stm32f4xx_i2c.o
I2C_DeInit                                        Libraries\STM32F4xx_StdPeriph_Driver\src\stm32f4xx_i2c.o
I2C_DigitalFilterConfig                           Libraries\STM32F4xx_StdPeriph_Driver\src\stm32f4xx_i2c.o
I2C_DualAddressCmd                                Libraries\STM32F4xx_StdPeriph_Driver\src\stm32f4xx_i2c.o
I2C_FastModeDutyCycleConfig                       Libraries\STM32F4xx_StdPeriph_Driver\src\stm32f4xx_i2c.o
I2C_GeneralCallCmd                                Libraries\STM32F4xx_StdPeriph_Driver\src\stm32f4xx_i2c.o
I2C_GenerateSTART                                 Libraries\STM32F4xx_StdPeriph_Driver\src\stm32f4xx_i2c.o
I2C_GenerateSTOP                                  Libraries\STM32F4xx_StdPeriph_Driver\src\stm32f4xx_i2c.o
I2C_GetFlagStatus                                 Libraries\STM32F4xx_StdPeriph_Driver\src\stm32f4xx_i2c.o
I2C_GetITStatus                                   Libraries\STM32F4xx_StdPeriph_Driver\src\stm32f4xx_i2c.o
I2C_GetLastEvent                                  Libraries\STM32F4xx_StdPeriph_Driver\src\stm32f4xx_i2c.o
I2C_GetPEC                                        Libraries\STM32F4xx_StdPeriph_Driver\src\stm32f4xx_i2c.o
I2C_ITConfig                                      Libraries\STM32F4xx_StdPeriph_Driver\src\stm32f4xx_i2c.o
I2C_Init                                          Libraries\STM32F4xx_StdPeriph_Driver\src\stm32f4xx_i2c.o
I2C_NACKPositionConfig                            Libraries\STM32F4xx_StdPeriph_Driver\src\stm32f4xx_i2c.o
I2C_OwnAddress2Config                             Libraries\STM32F4xx_StdPeriph_Driver\src\stm32f4xx_i2c.o
I2C_PECPositionConfig                             Libraries\STM32F4xx_StdPeriph_Driver\src\stm32f4xx_i2c.o
I2C_ReadRegister                                  Libraries\STM32F4xx_StdPeriph_Driver\src\stm32f4xx_i2c.o
I2C_ReceiveData                                   Libraries\STM32F4xx_StdPeriph_Driver\src\stm32f4xx_i2c.o
I2C_SMBusAlertConfig                              Libraries\STM32F4xx_StdPeriph_Driver\src\stm32f4xx_i2c.o
I2C_Send7bitAddress                               Libraries\STM32F4xx_StdPeriph_Driver\src\stm32f4xx_i2c.o
I2C_SendData                                      Libraries\STM32F4xx_StdPeriph_Driver\src\stm32f4xx_i2c.o
I2C_SoftwareResetCmd                              Libraries\STM32F4xx_StdPeriph_Driver\src\stm32f4xx_i2c.o
I2C_StretchClockCmd                               Libraries\STM32F4xx_StdPeriph_Driver\src\stm32f4xx_i2c.o
I2C_StructInit                                    Libraries\STM32F4xx_StdPeriph_Driver\src\stm32f4xx_i2c.o
I2C_TransmitPEC                                   Libraries\STM32F4xx_StdPeriph_Driver\src\stm32f4xx_i2c.o
I2S_Cmd                                           Libraries\STM32F4xx_StdPeriph_Driver\src\stm32f4xx_spi.o
I2S_FullDuplexConfig                              Libraries\STM32F4xx_StdPeriph_Driver\src\stm32f4xx_spi.o
I2S_Init                                          Libraries\STM32F4xx_StdPeriph_Driver\src\stm32f4xx_spi.o
I2S_StructInit                                    Libraries\STM32F4xx_StdPeriph_Driver\src\stm32f4xx_spi.o
IWDG_Enable                                       Libraries\STM32F4xx_StdPeriph_Driver\src\stm32f4xx_iwdg.o
IWDG_GetFlagStatus                                Libraries\STM32F4xx_StdPeriph_Driver\src\stm32f4xx_iwdg.o
IWDG_ReloadCounter                                Libraries\STM32F4xx_StdPeriph_Driver\src\stm32f4xx_iwdg.o
IWDG_SetPrescaler                                 Libraries\STM32F4xx_StdPeriph_Driver\src\stm32f4xx_iwdg.o
IWDG_SetReload                                    Libraries\STM32F4xx_StdPeriph_Driver\src\stm32f4xx_iwdg.o
IWDG_WriteAccessCmd                               Libraries\STM32F4xx_StdPeriph_Driver\src\stm32f4xx_iwdg.o
InDoor_Ultra                                      App\App.o
                                                  src\main.o
Keypad_GetKey                                     HAL\src\keypad.o
                                                  App\App.o
Keypad_Init                                       HAL\src\keypad.o
                                                  App\App.o
LCD_Clear                                         HAL\src\LCD.o
                                                  App\App.o
LCD_DispChar                                      HAL\src\LCD.o
LCD_DispCharXY                                    HAL\src\LCD.o
                                                  App\App.o
LCD_DispInt                                       HAL\src\LCD.o
LCD_DispIntXY                                     HAL\src\LCD.o
                                                  App\App.o
LCD_DispStr                                       HAL\src\LCD.o
                                                  App\App.o
LCD_DispStrXY                                     HAL\src\LCD.o
                                                  App\App.o
LCD_Init                                          HAL\src\LCD.o
                                                  App\App.o
Led_Init                                          HAL\src\board.o
Led_Off                                           HAL\src\board.o
Led_On                                            HAL\src\board.o
                                                  App\App.o
Led_Toggle                                        HAL\src\board.o
Leds_Init                                         HAL\src\board.o
                                                  App\App.o
Leds_Off                                          HAL\src\board.o
Leds_On                                           HAL\src\board.o
Leds_Toggle                                       HAL\src\board.o
                                                  App\App.o
MemManage_Handler                                 src\stm32f4xx_it.o
                                                  src\startup_stm32f40xx.o
NMI_Handler                                       src\stm32f4xx_it.o
                                                  src\startup_stm32f40xx.o
NVIC_Init                                         Libraries\STM32F4xx_StdPeriph_Driver\src\misc.o
NVIC_PriorityGroupConfig                          Libraries\STM32F4xx_StdPeriph_Driver\src\misc.o
NVIC_SetVectorTable                               Libraries\STM32F4xx_StdPeriph_Driver\src\misc.o
NVIC_SystemLPConfig                               Libraries\STM32F4xx_StdPeriph_Driver\src\misc.o
OTG_FS_IRQHandler                                 src\startup_stm32f40xx.o
OTG_FS_WKUP_IRQHandler                            src\startup_stm32f40xx.o
OTG_HS_EP1_IN_IRQHandler                          src\startup_stm32f40xx.o
OTG_HS_EP1_OUT_IRQHandler                         src\startup_stm32f40xx.o
OTG_HS_IRQHandler                                 src\startup_stm32f40xx.o
OTG_HS_WKUP_IRQHandler                            src\startup_stm32f40xx.o
PVD_IRQHandler                                    src\startup_stm32f40xx.o
PWR_BackupAccessCmd                               Libraries\STM32F4xx_StdPeriph_Driver\src\stm32f4xx_pwr.o
PWR_BackupRegulatorCmd                            Libraries\STM32F4xx_StdPeriph_Driver\src\stm32f4xx_pwr.o
PWR_ClearFlag                                     Libraries\STM32F4xx_StdPeriph_Driver\src\stm32f4xx_pwr.o
PWR_DeInit                                        Libraries\STM32F4xx_StdPeriph_Driver\src\stm32f4xx_pwr.o
PWR_EnterSTANDBYMode                              Libraries\STM32F4xx_StdPeriph_Driver\src\stm32f4xx_pwr.o
PWR_EnterSTOPMode                                 Libraries\STM32F4xx_StdPeriph_Driver\src\stm32f4xx_pwr.o
PWR_FlashPowerDownCmd                             Libraries\STM32F4xx_StdPeriph_Driver\src\stm32f4xx_pwr.o
PWR_GetFlagStatus                                 Libraries\STM32F4xx_StdPeriph_Driver\src\stm32f4xx_pwr.o
PWR_MainRegulatorModeConfig                       Libraries\STM32F4xx_StdPeriph_Driver\src\stm32f4xx_pwr.o
PWR_PVDCmd                                        Libraries\STM32F4xx_StdPeriph_Driver\src\stm32f4xx_pwr.o
PWR_PVDLevelConfig                                Libraries\STM32F4xx_StdPeriph_Driver\src\stm32f4xx_pwr.o
PWR_WakeUpPinCmd                                  Libraries\STM32F4xx_StdPeriph_Driver\src\stm32f4xx_pwr.o
PendSV_Handler                                    src\stm32f4xx_it.o
                                                  src\startup_stm32f40xx.o
RCC_AHB1PeriphClockCmd                            Libraries\STM32F4xx_StdPeriph_Driver\src\stm32f4xx_rcc.o
RCC_AHB1PeriphClockLPModeCmd                      Libraries\STM32F4xx_StdPeriph_Driver\src\stm32f4xx_rcc.o
RCC_AHB1PeriphResetCmd                            Libraries\STM32F4xx_StdPeriph_Driver\src\stm32f4xx_rcc.o
                                                  Libraries\STM32F4xx_StdPeriph_Driver\src\stm32f4xx_gpio.o
RCC_AHB2PeriphClockCmd                            Libraries\STM32F4xx_StdPeriph_Driver\src\stm32f4xx_rcc.o
RCC_AHB2PeriphClockLPModeCmd                      Libraries\STM32F4xx_StdPeriph_Driver\src\stm32f4xx_rcc.o
RCC_AHB2PeriphResetCmd                            Libraries\STM32F4xx_StdPeriph_Driver\src\stm32f4xx_rcc.o
                                                  Libraries\STM32F4xx_StdPeriph_Driver\src\stm32f4xx_rng.o
                                                  Libraries\STM32F4xx_StdPeriph_Driver\src\stm32f4xx_hash.o
                                                  Libraries\STM32F4xx_StdPeriph_Driver\src\stm32f4xx_cryp.o