core_cm4.h:1452:22:NVIC_EnableIRQ	16	static
board.c:18:6:Buz_Init	8	static
board.c:26:6:Buz_On	4	static
board.c:29:6:Buz_Off	4	static
board.c:32:6:Buz_Toggle	4	static
board.c:37:6:Relay_Init	8	static
board.c:45:6:Relay_On	4	static
board.c:48:6:Relay_Off	4	static
board.c:51:6:Relay_Toggle	4	static
board.c:59:6:Led_Init	16	static
board.c:67:6:Led_On	16	static
board.c:70:6:Led_Off	16	static
board.c:73:6:Led_Toggle	16	static
board.c:77:6:Leds_Init	16	static
board.c:84:6:Leds_On	16	static
board.c:87:6:Leds_Off	16	static
board.c:90:6:Leds_Toggle	16	static
board.c:95:6:Btn_Init	16	static
board.c:139:6:Btn_Init_EXTI	16	static
board.c:213:10:Btn_isPressed	24	static
board.c:236:6:EXTI0_IRQHandler	8	static
board.c:246:6:EXTI2_IRQHandler	8	static
